ARM Linker, 5.03 [Build 76] [MDK-ARM Lite]

==============================================================================

Section Cross References

    startup_tm4c123.o(STACK) refers (Special) to heapauxi.o(.text) for __use_two_region_memory
    startup_tm4c123.o(HEAP) refers (Special) to heapauxi.o(.text) for __use_two_region_memory
    startup_tm4c123.o(RESET) refers (Special) to heapauxi.o(.text) for __use_two_region_memory
    startup_tm4c123.o(RESET) refers to startup_tm4c123.o(STACK) for __initial_sp
    startup_tm4c123.o(RESET) refers to startup_tm4c123.o(.text) for Reset_Handler
    startup_tm4c123.o(.text) refers (Special) to heapauxi.o(.text) for __use_two_region_memory
    startup_tm4c123.o(.text) refers to main.o(.text) for SystemInit
    startup_tm4c123.o(.text) refers to __main.o(!!!main) for __main
    startup_tm4c123.o(.text) refers to startup_tm4c123.o(HEAP) for Heap_Mem
    startup_tm4c123.o(.text) refers to startup_tm4c123.o(STACK) for Stack_Mem
    main.o(.text) refers to gpio.o(.text) for init_PORT_F
    main.o(.text) refers to uart.o(.text) for init_PORT_E
    main.o(.text) refers to lcd.o(.text) for lcd_init
    main.o(.text) refers to systick.o(.text) for SysTick_Init
    main.o(.text) refers to gps.o(.text) for GPS_read
    main.o(.text) refers to feqf.o(x$fpl$feqf) for __aeabi_cfcmpeq
    main.o(.text) refers to faddsub_clz.o(x$fpl$fadd) for __aeabi_fadd
    main.o(.text) refers to frleqf.o(x$fpl$frleqf) for __aeabi_cfrcmple
    main.o(.text) refers to f2d.o(x$fpl$f2d) for __aeabi_f2d
    main.o(.text) refers to drleqf.o(x$fpl$drleqf) for __aeabi_cdrcmple
    main.o(.text) refers to main.o(.data) for switch2
    main.o(.text) refers to main.o(.bss) for final
    gps.o(.text) refers to uart.o(.text) for UART_recieveByte
    gps.o(.text) refers to strtok.o(.text) for strtok
    gps.o(.text) refers to strcpy.o(.text) for strcpy
    gps.o(.text) refers to strcmpv7m.o(.text) for strcmp
    gps.o(.text) refers to atof.o(i.atof) for atof
    gps.o(.text) refers to ddiv.o(x$fpl$ddiv) for __aeabi_ddiv
    gps.o(.text) refers to dmul.o(x$fpl$dmul) for __aeabi_dmul
    gps.o(.text) refers to daddsub_clz.o(x$fpl$drsb) for __aeabi_drsub
    gps.o(.text) refers to daddsub_clz.o(x$fpl$dadd) for __aeabi_dadd
    gps.o(.text) refers to d2f.o(x$fpl$d2f) for __aeabi_d2f
    gps.o(.text) refers to f2d.o(x$fpl$f2d) for __aeabi_f2d
    gps.o(.text) refers to daddsub_clz.o(x$fpl$dsub) for __aeabi_dsub
    gps.o(.text) refers to sin.o(i.sin) for sin
    gps.o(.text) refers to pow.o(i.pow) for pow
    gps.o(.text) refers to cos.o(i.cos) for cos
    gps.o(.text) refers to sqrt.o(i.sqrt) for sqrt
    gps.o(.text) refers to atan2.o(i.atan2) for atan2
    gps.o(.text) refers to gps.o(.bss) for GPS
    gps.o(.text) refers to gps.o(.data) for token
    lcd.o(.text) refers to ffix.o(x$fpl$ffix) for __aeabi_f2iz
    lcd.o(.text) refers to fflt_clz.o(x$fpl$fflt) for __aeabi_i2f
    lcd.o(.text) refers to faddsub_clz.o(x$fpl$frsb) for __aeabi_frsub
    lcd.o(.text) refers to dflt_clz.o(x$fpl$dflt) for __aeabi_i2d
    lcd.o(.text) refers to pow.o(i.pow) for pow
    lcd.o(.text) refers to f2d.o(x$fpl$f2d) for __aeabi_f2d
    lcd.o(.text) refers to dmul.o(x$fpl$dmul) for __aeabi_dmul
    lcd.o(.text) refers to d2f.o(x$fpl$d2f) for __aeabi_d2f
    strtok.o(.text) refers to strtok_int.o(.text) for __strtok_internal
    strtok.o(.text) refers to strtok.o(.data) for .data
    __main.o(!!!main) refers to rtentry.o(.ARM.Collect$$rtentry$$00000000) for __rt_entry
    d2f.o(x$fpl$d2f) refers (Special) to usenofp.o(x$fpl$usenofp) for __I$use$fp
    d2f.o(x$fpl$d2f) refers to fretinf.o(x$fpl$fretinf) for __fpl_fretinf
    d2f.o(x$fpl$d2f) refers to dnaninf.o(x$fpl$dnaninf) for __fpl_dnaninf
    daddsub_clz.o(x$fpl$dadd) refers (Special) to usenofp.o(x$fpl$usenofp) for __I$use$fp
    daddsub_clz.o(x$fpl$dadd) refers to daddsub_clz.o(x$fpl$dsub) for _dsub1
    daddsub_clz.o(x$fpl$dadd) refers to dretinf.o(x$fpl$dretinf) for __fpl_dretinf
    daddsub_clz.o(x$fpl$dadd) refers to dnaninf.o(x$fpl$dnaninf) for __fpl_dnaninf
    daddsub_clz.o(x$fpl$drsb) refers (Special) to usenofp.o(x$fpl$usenofp) for __I$use$fp
    daddsub_clz.o(x$fpl$drsb) refers to daddsub_clz.o(x$fpl$dadd) for _dadd1
    daddsub_clz.o(x$fpl$drsb) refers to daddsub_clz.o(x$fpl$dsub) for _dsub1
    daddsub_clz.o(x$fpl$dsub) refers (Special) to usenofp.o(x$fpl$usenofp) for __I$use$fp
    daddsub_clz.o(x$fpl$dsub) refers to daddsub_clz.o(x$fpl$dadd) for _dadd1
    daddsub_clz.o(x$fpl$dsub) refers to dnaninf.o(x$fpl$dnaninf) for __fpl_dnaninf
    ddiv.o(x$fpl$drdiv) refers (Special) to usenofp.o(x$fpl$usenofp) for __I$use$fp
    ddiv.o(x$fpl$drdiv) refers to ddiv.o(x$fpl$ddiv) for ddiv_entry
    ddiv.o(x$fpl$ddiv) refers (Special) to usenofp.o(x$fpl$usenofp) for __I$use$fp
    ddiv.o(x$fpl$ddiv) refers to dretinf.o(x$fpl$dretinf) for __fpl_dretinf
    ddiv.o(x$fpl$ddiv) refers to dnaninf.o(x$fpl$dnaninf) for __fpl_dnaninf
[...]
    ../clib/libinit.s                        0x00000000   Number         0  libshutdown.o ABSOLUTE
    ../clib/locale.s                         0x00000000   Number         0  lc_numeric_c.o ABSOLUTE
    ../clib/locale.s                         0x00000000   Number         0  lc_ctype_c.o ABSOLUTE
    ../clib/longlong.s                       0x00000000   Number         0  llshl.o ABSOLUTE
    ../clib/memcpset.s                       0x00000000   Number         0  strcmpv7m.o ABSOLUTE
    ../clib/scanf.c                          0x00000000   Number         0  _sgetc.o ABSOLUTE
    ../clib/scanf.c                          0x00000000   Number         0  scanf_hexfp.o ABSOLUTE
    ../clib/scanf.c                          0x00000000   Number         0  _chval.o ABSOLUTE
    ../clib/scanf.c                          0x00000000   Number         0  scanf_infnan.o ABSOLUTE
    ../clib/scanf.c                          0x00000000   Number         0  scanf_fp.o ABSOLUTE
    ../clib/scanf.c                          0x00000000   Number         0  strtod.o ABSOLUTE
    ../clib/signal.c                         0x00000000   Number         0  defsig_other.o ABSOLUTE
    ../clib/signal.c                         0x00000000   Number         0  defsig_segv_inner.o ABSOLUTE
    ../clib/signal.c                         0x00000000   Number         0  defsig_cppl_inner.o ABSOLUTE
    ../clib/signal.c                         0x00000000   Number         0  defsig_pvfn_inner.o ABSOLUTE
    ../clib/signal.c                         0x00000000   Number         0  defsig_stak_inner.o ABSOLUTE
    ../clib/signal.c                         0x00000000   Number         0  defsig_rtred_inner.o ABSOLUTE
    ../clib/signal.c                         0x00000000   Number         0  defsig_rtmem_inner.o ABSOLUTE
    ../clib/signal.c                         0x00000000   Number         0  defsig_fpe_inner.o ABSOLUTE
    ../clib/signal.c                         0x00000000   Number         0  defsig_general.o ABSOLUTE
    ../clib/signal.c                         0x00000000   Number         0  defsig_rtmem_outer.o ABSOLUTE
    ../clib/signal.c                         0x00000000   Number         0  defsig_exit.o ABSOLUTE
    ../clib/signal.c                         0x00000000   Number         0  defsig_rtmem_formal.o ABSOLUTE
    ../clib/signal.c                         0x00000000   Number         0  defsig_abrt_inner.o ABSOLUTE
    ../clib/signal.c                         0x00000000   Number         0  __raise.o ABSOLUTE
    ../clib/signal.s                         0x00000000   Number         0  defsig.o ABSOLUTE
    ../clib/stdlib.c                         0x00000000   Number         0  exit.o ABSOLUTE
    ../clib/string.c                         0x00000000   Number         0  strcpy.o ABSOLUTE
    ../clib/string.c                         0x00000000   Number         0  strspn.o ABSOLUTE
    ../clib/string.c                         0x00000000   Number         0  strtok.o ABSOLUTE
    ../clib/string.c                         0x00000000   Number         0  strcspn.o ABSOLUTE
    ../clib/string.c                         0x00000000   Number         0  strtok_int.o ABSOLUTE
    ../fplib/d2f.s                           0x00000000   Number         0  d2f.o ABSOLUTE
    ../fplib/daddsub.s                       0x00000000   Number         0  daddsub_clz.o ABSOLUTE
    ../fplib/dcheck1.s                       0x00000000   Number         0  dcheck1.o ABSOLUTE
    ../fplib/dcmpi.s                         0x00000000   Number         0  dcmpi.o ABSOLUTE
    ../fplib/ddiv.s                          0x00000000   Number         0  ddiv.o ABSOLUTE
    ../fplib/deqf.s                          0x00000000   Number         0  deqf.o ABSOLUTE
    ../fplib/dfix.s                          0x00000000   Number         0  dfix.o ABSOLUTE
    ../fplib/dflt.s                          0x00000000   Number         0  dflt_clz.o ABSOLUTE
    ../fplib/dleqf.s                         0x00000000   Number         0  dleqf.o ABSOLUTE
    ../fplib/dmul.s                          0x00000000   Number         0  dmul.o ABSOLUTE
    ../fplib/dnaninf.s                       0x00000000   Number         0  dnaninf.o ABSOLUTE
    ../fplib/dretinf.s                       0x00000000   Number         0  dretinf.o ABSOLUTE
    ../fplib/drleqf.s                        0x00000000   Number         0  drleqf.o ABSOLUTE
    ../fplib/dsqrt.s                         0x00000000   Number         0  dsqrt_umaal.o ABSOLUTE
    ../fplib/f2d.s                           0x00000000   Number         0  f2d.o ABSOLUTE
    ../fplib/faddsub.s                       0x00000000   Number         0  faddsub_clz.o ABSOLUTE
    ../fplib/fcmpi.s                         0x00000000   Number         0  fcmpi.o ABSOLUTE
    ../fplib/feqf.s                          0x00000000   Number         0  feqf.o ABSOLUTE
    ../fplib/ffix.s                          0x00000000   Number         0  ffix.o ABSOLUTE
    ../fplib/fflt.s                          0x00000000   Number         0  fflt_clz.o ABSOLUTE
    ../fplib/fleqf.s                         0x00000000   Number         0  fleqf.o ABSOLUTE
    ../fplib/fnaninf.s                       0x00000000   Number         0  fnaninf.o ABSOLUTE
    ../fplib/fpconst.s                       0x00000000   Number         0  fpconst.o ABSOLUTE
    ../fplib/fpinit.s                        0x00000000   Number         0  fpinit.o ABSOLUTE
    ../fplib/fretinf.s                       0x00000000   Number         0  fretinf.o ABSOLUTE
    ../fplib/frleqf.s                        0x00000000   Number         0  frleqf.o ABSOLUTE
    ../fplib/istatus.s                       0x00000000   Number         0  istatus.o ABSOLUTE
    ../fplib/retnan.s                        0x00000000   Number         0  retnan.o ABSOLUTE
    ../fplib/scalbn.s                        0x00000000   Number         0  scalbn.o ABSOLUTE
    ../fplib/scanf1.s                        0x00000000   Number         0  scanf1.o ABSOLUTE
    ../fplib/scanf2.s                        0x00000000   Number         0  scanf2.o ABSOLUTE
    ../fplib/scanf2a.s                       0x00000000   Number         0  scanf2a.o ABSOLUTE
    ../fplib/scanf2b.s                       0x00000000   Number         0  scanf2b.o ABSOLUTE
    ../fplib/trapv.s                         0x00000000   Number         0  trapv.o ABSOLUTE
    ../fplib/usenofp.s                       0x00000000   Number         0  usenofp.o ABSOLUTE
    ../mathlib/atan.c                        0x00000000   Number         0  atan_x.o ABSOLUTE
    ../mathlib/atan.c                        0x00000000   Number         0  atan.o ABSOLUTE
    ../mathlib/atan2.c                       0x00000000   Number         0  atan2_x.o ABSOLUTE
    ../mathlib/atan2.c                       0x00000000   Number         0  atan2.o ABSOLUTE
    ../mathlib/atof.c                        0x00000000   Number         0  atof.o ABSOLUTE
    ../mathlib/cos.c                         0x00000000   Number         0  cos_x.o ABSOLUTE
    ../mathlib/cos.c                         0x00000000   Number         0  cos.o ABSOLUTE
    ../mathlib/cos_i.c                       0x00000000   Number         0  cos_i.o ABSOLUTE
    ../mathlib/dunder.c                      0x00000000   Number         0  dunder.o ABSOLUTE
    ../mathlib/fpclassify.c                  0x00000000   Number         0  fpclassify.o ABSOLUTE
    ../mathlib/frexp.c                       0x00000000   Number         0  frexp.o ABSOLUTE
    ../mathlib/ldexp.c                       0x00000000   Number         0  ldexp.o ABSOLUTE
    ../mathlib/ldexp.c                       0x00000000   Number         0  ldexp_x.o ABSOLUTE
    ../mathlib/narrow.c                      0x00000000   Number         0  narrow.o ABSOLUTE
    ../mathlib/poly.c                        0x00000000   Number         0  poly.o ABSOLUTE
    ../mathlib/pow.c                         0x00000000   Number         0  pow.o ABSOLUTE
    ../mathlib/pow.c                         0x00000000   Number         0  pow_x.o ABSOLUTE
    ../mathlib/qnan.c                        0x00000000   Number         0  qnan.o ABSOLUTE
    ../mathlib/rred.c                        0x00000000   Number         0  rred.o ABSOLUTE
    ../mathlib/sin.c                         0x00000000   Number         0  sin.o ABSOLUTE
    ../mathlib/sin.c                         0x00000000   Number         0  sin_x.o ABSOLUTE
    ../mathlib/sin_i.c                       0x00000000   Number         0  sin_i.o ABSOLUTE
    ../mathlib/sin_i.c                       0x00000000   Number         0  sin_i_x.o ABSOLUTE
    ../mathlib/sqrt.c                        0x00000000   Number         0  sqrt.o ABSOLUTE
    ../mathlib/sqrt.c                        0x00000000   Number         0  sqrt_x.o ABSOLUTE
    dc.s                                     0x00000000   Number         0  dc.o ABSOLUTE
    gpio.c                                   0x00000000   Number         0  gpio.o ABSOLUTE
    gps.c                                    0x00000000   Number         0  gps.o ABSOLUTE
    lcd.c                                    0x00000000   Number         0  lcd.o ABSOLUTE
    main.c                                   0x00000000   Number         0  main.o ABSOLUTE
    main.c                                   0x00000000   Number         0  main.o ABSOLUTE
    startup_TM4C123.s                        0x00000000   Number         0  startup_tm4c123.o ABSOLUTE
    systick.c                                0x00000000   Number         0  systick.o ABSOLUTE
    uart.c                                   0x00000000   Number         0  uart.o ABSOLUTE
    !!!main                                  0x0000026c   Section        8  __main.o(!!!main)
    !!!scatter                               0x00000274   Section       52  __scatter.o(!!!scatter)
    !!handler_copy                           0x000002a8   Section       26  __scatter_copy.o(!!handler_copy)
    !!handler_zi                             0x000002c4   Section       28  __scatter_zi.o(!!handler_zi)
    .ARM.Collect$$libinit$$00000000          0x000002e0   Section        2  libinit.o(.ARM.Collect$$libinit$$00000000)
    .ARM.Collect$$libinit$$00000002          0x000002e2   Section        0  libinit2.o(.ARM.Collect$$libinit$$00000002)
    .ARM.Collect$$libinit$$00000008          0x000002e2   Section        0  libinit2.o(.ARM.Collect$$libinit$$00000008)
    .ARM.Collect$$libinit$$0000000A          0x000002e2   Section        0  libinit2.o(.ARM.Collect$$libinit$$0000000A)
    .ARM.Collect$$libinit$$0000000C          0x000002e2   Section        0  libinit2.o(.ARM.Collect$$libinit$$0000000C)
    .ARM.Collect$$libinit$$0000000D          0x000002e2   Section        6  libinit2.o(.ARM.Collect$$libinit$$0000000D)
    .ARM.Collect$$libinit$$0000000F          0x000002e8   Section        0  libinit2.o(.ARM.Collect$$libinit$$0000000F)
    .ARM.Collect$$libinit$$00000010          0x000002e8   Section       12  libinit2.o(.ARM.Collect$$libinit$$00000010)
    .ARM.Collect$$libinit$$00000011          0x000002f4   Section        0  libinit2.o(.ARM.Collect$$libinit$$00000011)
    .ARM.Collect$$libinit$$00000013          0x000002f4   Section        0  libinit2.o(.ARM.Collect$$libinit$$00000013)
    .ARM.Collect$$libinit$$00000014          0x000002f4   Section       10  libinit2.o(.ARM.Collect$$libinit$$00000014)
    .ARM.Collect$$libinit$$00000015          0x000002fe   Section        0  libinit2.o(.ARM.Collect$$libinit$$00000015)
    .ARM.Collect$$libinit$$00000017          0x000002fe   Section        0  libinit2.o(.ARM.Collect$$libinit$$00000017)
    .ARM.Collect$$libinit$$00000019          0x000002fe   Section        0  libinit2.o(.ARM.Collect$$libinit$$00000019)
    .ARM.Collect$$libinit$$0000001B          0x000002fe   Section        0  libinit2.o(.ARM.Collect$$libinit$$0000001B)
    .ARM.Collect$$libinit$$0000001D          0x000002fe   Section        0  libinit2.o(.ARM.Collect$$libinit$$0000001D)
    .ARM.Collect$$libinit$$0000001F          0x000002fe   Section        0  libinit2.o(.ARM.Collect$$libinit$$0000001F)
    .ARM.Collect$$libinit$$00000021          0x000002fe   Section        0  libinit2.o(.ARM.Collect$$libinit$$00000021)
    .ARM.Collect$$libinit$$00000023          0x000002fe   Section        0  libinit2.o(.ARM.Collect$$libinit$$00000023)
    .ARM.Collect$$libinit$$0000002A          0x000002fe   Section        0  libinit2.o(.ARM.Collect$$libinit$$0000002A)
    .ARM.Collect$$libinit$$0000002C          0x000002fe   Section        0  libinit2.o(.ARM.Collect$$libinit$$0000002C)
    .ARM.Collect$$libinit$$0000002E          0x000002fe   Section        0  libinit2.o(.ARM.Collect$$libinit$$0000002E)
    .ARM.Collect$$libinit$$00000030          0x000002fe   Section        0  libinit2.o(.ARM.Collect$$libinit$$00000030)
    .ARM.Collect$$libinit$$00000031          0x000002fe   Section        2  libinit2.o(.ARM.Collect$$libinit$$00000031)
    .ARM.Collect$$libshutdown$$00000000      0x00000300   Section        2  libshutdown.o(.ARM.Collect$$libshutdown$$00000000)
    .ARM.Collect$$libshutdown$$00000003      0x00000302   Section        0  libshutdown2.o(.ARM.Collect$$libshutdown$$00000003)
    .ARM.Collect$$libshutdown$$00000006      0x00000302   Section        0  libshutdown2.o(.ARM.Collect$$libshutdown$$00000006)
    .ARM.Collect$$libshutdown$$00000009      0x00000302   Section        0  libshutdown2.o(.ARM.Collect$$libshutdown$$00000009)
    .ARM.Collect$$libshutdown$$0000000B      0x00000302   Section        0  libshutdown2.o(.ARM.Collect$$libshutdown$$0000000B)
    .ARM.Collect$$libshutdown$$0000000E      0x00000302   Section        0  libshutdown2.o(.ARM.Collect$$libshutdown$$0000000E)
    .ARM.Collect$$libshutdown$$0000000F      0x00000302   Section        2  libshutdown2.o(.ARM.Collect$$libshutdown$$0000000F)
    .ARM.Collect$$rtentry$$00000000          0x00000304   Section        0  rtentry.o(.ARM.Collect$$rtentry$$00000000)
    .ARM.Collect$$rtentry$$00000002          0x00000304   Section        0  rtentry2.o(.ARM.Collect$$rtentry$$00000002)
    .ARM.Collect$$rtentry$$00000004          0x00000304   Section        6  rtentry4.o(.ARM.Collect$$rtentry$$00000004)
    .ARM.Collect$$rtentry$$00000009          0x0000030a   Section        0  rtentry2.o(.ARM.Collect$$rtentry$$00000009)
    .ARM.Collect$$rtentry$$0000000A          0x0000030a   Section        4  rtentry2.o(.ARM.Collect$$rtentry$$0000000A)
    .ARM.Collect$$rtentry$$0000000C          0x0000030e   Section        0  rtentry2.o(.ARM.Collect$$rtentry$$0000000C)
    .ARM.Collect$$rtentry$$0000000D          0x0000030e   Section        8  rtentry2.o(.ARM.Collect$$rtentry$$0000000D)
    .ARM.Collect$$rtexit$$00000000           0x00000316   Section        2  rtexit.o(.ARM.Collect$$rtexit$$00000000)
    .ARM.Collect$$rtexit$$00000002           0x00000318   Section        0  rtexit2.o(.ARM.Collect$$rtexit$$00000002)
    .ARM.Collect$$rtexit$$00000003           0x00000318   Section        4  rtexit2.o(.ARM.Collect$$rtexit$$00000003)
    .ARM.Collect$$rtexit$$00000004           0x0000031c   Section        6  rtexit2.o(.ARM.Collect$$rtexit$$00000004)
    .text                                    0x00000324   Section      276  startup_tm4c123.o(.text)
    .text                                    0x00000438   Section        0  main.o(.text)
    .text                                    0x000006b8   Section        0  gps.o(.text)
    .text                                    0x00000a3c   Section        0  uart.o(.text)
    .text                                    0x00000c30   Section        0  gpio.o(.text)
    .text                                    0x00000d1c   Section        0  systick.o(.text)
    .text                                    0x00000d6c   Section        0  lcd.o(.text)
    .text                                    0x00001008   Section        0  strtok.o(.text)
    .text                                    0x00001014   Section        0  strcpy.o(.text)
    .text                                    0x0000105c   Section      128  strcmpv7m.o(.text)
    .text                                    0x000010dc   Section        0  heapauxi.o(.text)
    .text                                    0x000010e2   Section        0  _rserrno.o(.text)
    .text                                    0x000010f8   Section        0  strtod.o(.text)
    _local_sscanf                            0x000010f9   Thumb Code    60  strtod.o(.text)
    .text                                    0x00001198   Section        0  strtok_int.o(.text)
    .text                                    0x000011dc   Section        8  rt_errno_addr_intlibspace.o(.text)
    .text                                    0x000011e4   Section        0  isspace.o(.text)
    .text                                    0x000011f6   Section        0  _sgetc.o(.text)
    .text                                    0x00001236   Section        0  strcspn.o(.text)
    .text                                    0x00001256   Section        0  strspn.o(.text)
    .text                                    0x00001274   Section        8  libspace.o(.text)
    .text                                    0x0000127c   Section       74  sys_stackheap_outer.o(.text)
    .text                                    0x000012c8   Section       16  rt_ctype_table.o(.text)
    .text                                    0x000012d8   Section        0  scanf_fp.o(.text)
    _fp_value                                0x000012d9   Thumb Code   504  scanf_fp.o(.text)
    .text                                    0x0000177c   Section        0  exit.o(.text)
    .text                                    0x00001788   Section        8  rt_locale_intlibspace.o(.text)
    .text                                    0x00001790   Section        0  bigflt0.o(.text)
    .text                                    0x00001874   Section        0  scanf_hexfp.o(.text)
    .text                                    0x00001b88   Section        0  scanf_infnan.o(.text)
    .text                                    0x00001cc4   Section        0  sys_exit.o(.text)
    .text                                    0x00001cd0   Section       38  llshl.o(.text)
    .text                                    0x00001cf6   Section        0  _chval.o(.text)
    .text                                    0x00001d12   Section        2  use_no_semi.o(.text)
    .text                                    0x00001d14   Section        0  indicate_semi.o(.text)
    CL$$btod_div_common                      0x00001d14   Section      824  btod.o(CL$$btod_div_common)
    CL$$btod_e2d                             0x0000204c   Section       84  btod.o(CL$$btod_e2d)
    CL$$btod_e2e                             0x000020a0   Section      198  btod.o(CL$$btod_e2e)
    CL$$btod_ediv                            0x00002166   Section       40  btod.o(CL$$btod_ediv)
    CL$$btod_edivd                           0x0000218e   Section       40  btod.o(CL$$btod_edivd)
    CL$$btod_emul                            0x000021b6   Section       40  btod.o(CL$$btod_emul)
    CL$$btod_emuld                           0x000021de   Section       40  btod.o(CL$$btod_emuld)
    CL$$btod_mult_common                     0x00002206   Section      580  btod.o(CL$$btod_mult_common)
    i.__ARM_fpclassify                       0x0000244a   Section        0  fpclassify.o(i.__ARM_fpclassify)
    i.__ieee754_rem_pio2                     0x00002474   Section        0  rred.o(i.__ieee754_rem_pio2)
    i.__kernel_cos                           0x000027fc   Section        0  cos_i.o(i.__kernel_cos)
    i.__kernel_poly                          0x000028f8   Section        0  poly.o(i.__kernel_poly)
    i.__kernel_sin                           0x000029a4   Section        0  sin_i.o(i.__kernel_sin)
    i.__mathlib_dbl_underflow                0x00002a90   Section        0  dunder.o(i.__mathlib_dbl_underflow)
    i.__mathlib_narrow                       0x00002aa0   Section        0  narrow.o(i.__mathlib_narrow)
    i.__mathlib_tofloat                      0x00002ab0   Section        0  narrow.o(i.__mathlib_tofloat)
    i.__support_ldexp                        0x00002b38   Section        0  ldexp.o(i.__support_ldexp)
    i._is_digit                              0x00002b4e   Section        0  scanf_fp.o(i._is_digit)
    i.atan                                   0x00002b5c   Section        0  atan.o(i.atan)
    i.atan2                                  0x00002d80   Section        0  atan2.o(i.atan2)
    i.atof                                   0x00002f00   Section        0  atof.o(i.atof)
    i.cos                                    0x00002f2c   Section        0  cos.o(i.cos)
    i.frexp                                  0x00002fd8   Section        0  frexp.o(i.frexp)
    i.ldexp                                  0x00003030   Section        0  ldexp.o(i.ldexp)
    i.pow                                    0x000030b0   Section        0  pow.o(i.pow)
    i.sin                                    0x00003a90   Section        0  sin.o(i.sin)
    i.sqrt                                   0x00003b40   Section        0  sqrt.o(i.sqrt)
    locale$$code                             0x00003b8c   Section       44  lc_numeric_c.o(locale$$code)
    locale$$code                             0x00003bb8   Section       44  lc_ctype_c.o(locale$$code)
    x$fpl$d2f                                0x00003be4   Section       98  d2f.o(x$fpl$d2f)
    x$fpl$dadd                               0x00003c48   Section      336  daddsub_clz.o(x$fpl$dadd)
    _dadd1                                   0x00003c59   Thumb Code     0  daddsub_clz.o(x$fpl$dadd)
    x$fpl$dcheck1                            0x00003d98   Section       16  dcheck1.o(x$fpl$dcheck1)
    x$fpl$dcmpinf                            0x00003da8   Section       24  dcmpi.o(x$fpl$dcmpinf)
    x$fpl$ddiv                               0x00003dc0   Section      688  ddiv.o(x$fpl$ddiv)
    ddiv_entry                               0x00003dc7   Thumb Code     0  ddiv.o(x$fpl$ddiv)
    x$fpl$deqf                               0x00004070   Section      120  deqf.o(x$fpl$deqf)
    x$fpl$dfix                               0x000040e8   Section       94  dfix.o(x$fpl$dfix)
    x$fpl$dflt                               0x00004146   Section       46  dflt_clz.o(x$fpl$dflt)
    x$fpl$dfltu                              0x00004174   Section       38  dflt_clz.o(x$fpl$dfltu)
    x$fpl$dleqf                              0x0000419c   Section      120  dleqf.o(x$fpl$dleqf)
    x$fpl$dmul                               0x00004214   Section      340  dmul.o(x$fpl$dmul)
    x$fpl$dnaninf                            0x00004368   Section      156  dnaninf.o(x$fpl$dnaninf)
    x$fpl$dretinf                            0x00004404   Section       12  dretinf.o(x$fpl$dretinf)
    x$fpl$drleqf                             0x00004410   Section      108  drleqf.o(x$fpl$drleqf)
    x$fpl$drsb                               0x0000447c   Section       22  daddsub_clz.o(x$fpl$drsb)
    x$fpl$dsqrt                              0x00004494   Section      408  dsqrt_umaal.o(x$fpl$dsqrt)
    x$fpl$dsub                               0x0000462c   Section      468  daddsub_clz.o(x$fpl$dsub)
    _dsub1                                   0x0000463d   Thumb Code     0  daddsub_clz.o(x$fpl$dsub)
    x$fpl$f2d                                0x00004800   Section       86  f2d.o(x$fpl$f2d)
    x$fpl$fadd                               0x00004858   Section      196  faddsub_clz.o(x$fpl$fadd)
    _fadd1                                   0x00004867   Thumb Code     0  faddsub_clz.o(x$fpl$fadd)
    x$fpl$fcmpinf                            0x0000491c   Section       24  fcmpi.o(x$fpl$fcmpinf)
    x$fpl$feqf                               0x00004934   Section      104  feqf.o(x$fpl$feqf)
    x$fpl$ffix                               0x0000499c   Section       54  ffix.o(x$fpl$ffix)
    x$fpl$fflt                               0x000049d4   Section       48  fflt_clz.o(x$fpl$fflt)
    x$fpl$fleqf                              0x00004a04   Section      104  fleqf.o(x$fpl$fleqf)
    x$fpl$fnaninf                            0x00004a6c   Section      140  fnaninf.o(x$fpl$fnaninf)
    x$fpl$fretinf                            0x00004af8   Section       10  fretinf.o(x$fpl$fretinf)
    x$fpl$frleqf                             0x00004b02   Section       98  frleqf.o(x$fpl$frleqf)
    x$fpl$frsb                               0x00004b64   Section       20  faddsub_clz.o(x$fpl$frsb)
    x$fpl$fsub                               0x00004b78   Section      234  faddsub_clz.o(x$fpl$fsub)
    _fsub1                                   0x00004b87   Thumb Code     0  faddsub_clz.o(x$fpl$fsub)
    x$fpl$retnan                             0x00004c62   Section      100  retnan.o(x$fpl$retnan)
    x$fpl$scalbn                             0x00004cc6   Section       92  scalbn.o(x$fpl$scalbn)
    x$fpl$scanf1                             0x00004d22   Section        4  scanf1.o(x$fpl$scanf1)
    x$fpl$scanf2                             0x00004d26   Section        8  scanf2.o(x$fpl$scanf2)
    x$fpl$trapveneer                         0x00004d2e   Section       48  trapv.o(x$fpl$trapveneer)
    x$fpl$usenofp                            0x00004d5e   Section        0  usenofp.o(x$fpl$usenofp)
    .constdata                               0x00004d60   Section      136  pow.o(.constdata)
    bp                                       0x00004d60   Data          16  pow.o(.constdata)
    dp_h                                     0x00004d70   Data          16  pow.o(.constdata)
    dp_l                                     0x00004d80   Data          16  pow.o(.constdata)
    L                                        0x00004d90   Data          48  pow.o(.constdata)
    P                                        0x00004dc0   Data          40  pow.o(.constdata)
    .constdata                               0x00004de8   Section      152  atan.o(.constdata)
    atanhi                                   0x00004de8   Data          32  atan.o(.constdata)
    atanlo                                   0x00004e08   Data          32  atan.o(.constdata)
    aTodd                                    0x00004e28   Data          40  atan.o(.constdata)
    aTeven                                   0x00004e50   Data          48  atan.o(.constdata)
    .constdata                               0x00004e80   Section       48  cos_i.o(.constdata)
    C                                        0x00004e80   Data          48  cos_i.o(.constdata)
    .constdata                               0x00004eb0   Section        8  qnan.o(.constdata)
    .constdata                               0x00004eb8   Section      200  rred.o(.constdata)
    pio2s                                    0x00004eb8   Data          48  rred.o(.constdata)
    twooverpi                                0x00004ee8   Data         152  rred.o(.constdata)
    .constdata                               0x00004f80   Section       40  sin_i.o(.constdata)
    S                                        0x00004f80   Data          40  sin_i.o(.constdata)
    .constdata                               0x00004fa8   Section      148  bigflt0.o(.constdata)
    tenpwrs_x                                0x00004fa8   Data          60  bigflt0.o(.constdata)
    tenpwrs_i                                0x00004fe4   Data          64  bigflt0.o(.constdata)
    c$$dinf                                  0x0000505c   Section        8  fpconst.o(c$$dinf)
    locale$$data                             0x00005064   Section       28  lc_numeric_c.o(locale$$data)
    __lcnum_c_name                           0x00005068   Data           2  lc_numeric_c.o(locale$$data)
    __lcnum_c_start                          0x00005070   Data           0  lc_numeric_c.o(locale$$data)
    __lcnum_c_point                          0x0000507c   Data           0  lc_numeric_c.o(locale$$data)
    __lcnum_c_thousands                      0x0000507e   Data           0  lc_numeric_c.o(locale$$data)
    __lcnum_c_grouping                       0x0000507f   Data           0  lc_numeric_c.o(locale$$data)
    locale$$data                             0x00005080   Section      272  lc_ctype_c.o(locale$$data)
    __lcnum_c_end                            0x00005080   Data           0  lc_numeric_c.o(locale$$data)
    __lcctype_c_name                         0x00005084   Data           2  lc_ctype_c.o(locale$$data)
    __lcctype_c_start                        0x0000508c   Data           0  lc_ctype_c.o(locale$$data)
    __lcctype_c_end                          0x00005190   Data           0  lc_ctype_c.o(locale$$data)
    .data                                    0x20000000   Section       24  main.o(.data)
    .data                                    0x20000018   Section       60  gps.o(.data)
    .data                                    0x20000054   Section        4  strtok.o(.data)
    _strtok_saves1                           0x20000054   Data           4  strtok.o(.data)
    .bss                                     0x20000058   Section       32  main.o(.bss)
    .bss                                     0x20000078   Section      350  gps.o(.bss)
    .bss                                     0x200001d8   Section       96  libspace.o(.bss)
    HEAP                                     0x20000238   Section        0  startup_tm4c123.o(HEAP)
    STACK                                    0x20000238   Section      512  startup_tm4c123.o(STACK)
    Heap_Mem                                 0x20000238   Data           0  startup_tm4c123.o(HEAP)
    Stack_Mem                                0x20000238   Data         512  startup_tm4c123.o(STACK)
    __initial_sp                             0x20000438   Data           0  startup_tm4c123.o(STACK)

    Global Symbols

    Symbol Name                              Value     Ov Type        Size  Object(Section)

    BuildAttributes$$THM_ISAv4$E$P$D$K$B$S$7EM$PE$A:L22UL41UL21$X:L11$S22US41US21$IEEE1$IW$USESV6$~STKCKD$USESV7$~SHL$OTIME$ROPI$IEEEX$EBA8$UX$STANDARDLIB$REQ8$PRES8$EABIv2 0x00000000   Number         0  anon$$obj.o ABSOLUTE
    __ARM_use_no_argv                        0x00000000   Number         0  main.o ABSOLUTE
    __Vectors                                0x00000000   Data           4  startup_tm4c123.o(RESET)
    __ARM_exceptions_init                     - Undefined Weak Reference
    __alloca_initialize                       - Undefined Weak Reference
    __cpp_initialize__aeabi_                  - Undefined Weak Reference
    __cxa_finalize                            - Undefined Weak Reference
    __sigvec_lookup                           - Undefined Weak Reference
    _atexit_init                              - Undefined Weak Reference
    _call_atexit_fns                          - Undefined Weak Reference
    _clock_init                               - Undefined Weak Reference
    _fp_trap_init                             - Undefined Weak Reference
    _fp_trap_shutdown                         - Undefined Weak Reference
    _get_lc_collate                           - Undefined Weak Reference
    _get_lc_monetary                          - Undefined Weak Reference
    _get_lc_time                              - Undefined Weak Reference
    _getenv_init                              - Undefined Weak Reference
    _handle_redirection                       - Undefined Weak Reference
    _init_alloc                               - Undefined Weak Reference
    _init_user_alloc                          - Undefined Weak Reference
    _initio                                   - Undefined Weak Reference
    _rand_init                                - Undefined Weak Reference
    _signal_finish                            - Undefined Weak Reference
    _signal_init                              - Undefined Weak Reference
    _terminate_alloc                          - Undefined Weak Reference
    _terminate_user_alloc                     - Undefined Weak Reference
    _terminateio                              - Undefined Weak Reference
    __Vectors_End                            0x0000026c   Data           0  startup_tm4c123.o(RESET)
    __Vectors_Size                           0x0000026c   Number         0  startup_tm4c123.o ABSOLUTE
    __main                                   0x0000026d   Thumb Code     8  __main.o(!!!main)
    __scatterload                            0x00000275   Thumb Code     0  __scatter.o(!!!scatter)
    __scatterload_rt2                        0x00000275   Thumb Code    44  __scatter.o(!!!scatter)
    __scatterload_rt2_thumb_only             0x00000275   Thumb Code     0  __scatter.o(!!!scatter)
    __scatterload_null                       0x00000283   Thumb Code     0  __scatter.o(!!!scatter)
    __scatterload_copy                       0x000002a9   Thumb Code    26  __scatter_copy.o(!!handler_copy)
    __scatterload_zeroinit                   0x000002c5   Thumb Code    28  __scatter_zi.o(!!handler_zi)
    __rt_lib_init                            0x000002e1   Thumb Code     0  libinit.o(.ARM.Collect$$libinit$$00000000)
    __rt_lib_init_fp_1                       0x000002e3   Thumb Code     0  libinit2.o(.ARM.Collect$$libinit$$00000002)
    __rt_lib_init_heap_1                     0x000002e3   Thumb Code     0  libinit2.o(.ARM.Collect$$libinit$$00000008)
    __rt_lib_init_lc_common                  0x000002e3   Thumb Code     0  libinit2.o(.ARM.Collect$$libinit$$0000000D)
    __rt_lib_init_rand_1                     0x000002e3   Thumb Code     0  libinit2.o(.ARM.Collect$$libinit$$0000000C)
    __rt_lib_init_user_alloc_1               0x000002e3   Thumb Code     0  libinit2.o(.ARM.Collect$$libinit$$0000000A)
    __rt_lib_init_lc_collate_1               0x000002e9   Thumb Code     0  libinit2.o(.ARM.Collect$$libinit$$0000000F)
    __rt_lib_init_lc_ctype_2                 0x000002e9   Thumb Code     0  libinit2.o(.ARM.Collect$$libinit$$00000010)
    __rt_lib_init_lc_ctype_1                 0x000002f5   Thumb Code     0  libinit2.o(.ARM.Collect$$libinit$$00000011)
    __rt_lib_init_lc_monetary_1              0x000002f5   Thumb Code     0  libinit2.o(.ARM.Collect$$libinit$$00000013)
    __rt_lib_init_lc_numeric_2               0x000002f5   Thumb Code     0  libinit2.o(.ARM.Collect$$libinit$$00000014)
    __rt_lib_init_alloca_1                   0x000002ff   Thumb Code     0  libinit2.o(.ARM.Collect$$libinit$$0000002C)
    __rt_lib_init_argv_1                     0x000002ff   Thumb Code     0  libinit2.o(.ARM.Collect$$libinit$$0000002A)
    __rt_lib_init_atexit_1                   0x000002ff   Thumb Code     0  libinit2.o(.ARM.Collect$$libinit$$00000019)
    __rt_lib_init_clock_1                    0x000002ff   Thumb Code     0  libinit2.o(.ARM.Collect$$libinit$$0000001F)
    __rt_lib_init_cpp_1                      0x000002ff   Thumb Code     0  libinit2.o(.ARM.Collect$$libinit$$00000030)
    __rt_lib_init_exceptions_1               0x000002ff   Thumb Code     0  libinit2.o(.ARM.Collect$$libinit$$0000002E)
    __rt_lib_init_fp_trap_1                  0x000002ff   Thumb Code     0  libinit2.o(.ARM.Collect$$libinit$$0000001D)
    __rt_lib_init_getenv_1                   0x000002ff   Thumb Code     0  libinit2.o(.ARM.Collect$$libinit$$00000021)
    __rt_lib_init_lc_numeric_1               0x000002ff   Thumb Code     0  libinit2.o(.ARM.Collect$$libinit$$00000015)
    __rt_lib_init_lc_time_1                  0x000002ff   Thumb Code     0  libinit2.o(.ARM.Collect$$libinit$$00000017)
    __rt_lib_init_return                     0x000002ff   Thumb Code     0  libinit2.o(.ARM.Collect$$libinit$$00000031)
    __rt_lib_init_signal_1                   0x000002ff   Thumb Code     0  libinit2.o(.ARM.Collect$$libinit$$0000001B)
    __rt_lib_init_stdio_1                    0x000002ff   Thumb Code     0  libinit2.o(.ARM.Collect$$libinit$$00000023)
    __rt_lib_shutdown                        0x00000301   Thumb Code     0  libshutdown.o(.ARM.Collect$$libshutdown$$00000000)
    __rt_lib_shutdown_fp_trap_1              0x00000303   Thumb Code     0  libshutdown2.o(.ARM.Collect$$libshutdown$$00000006)
    __rt_lib_shutdown_heap_1                 0x00000303   Thumb Code     0  libshutdown2.o(.ARM.Collect$$libshutdown$$0000000E)
    __rt_lib_shutdown_return                 0x00000303   Thumb Code     0  libshutdown2.o(.ARM.Collect$$libshutdown$$0000000F)
    __rt_lib_shutdown_signal_1               0x00000303   Thumb Code     0  libshutdown2.o(.ARM.Collect$$libshutdown$$00000009)
    __rt_lib_shutdown_stdio_1                0x00000303   Thumb Code     0  libshutdown2.o(.ARM.Collect$$libshutdown$$00000003)
    __rt_lib_shutdown_user_alloc_1           0x00000303   Thumb Code     0  libshutdown2.o(.ARM.Collect$$libshutdown$$0000000B)
    __rt_entry                               0x00000305   Thumb Code     0  rtentry.o(.ARM.Collect$$rtentry$$00000000)
    __rt_entry_presh_1                       0x00000305   Thumb Code     0  rtentry2.o(.ARM.Collect$$rtentry$$00000002)
    __rt_entry_sh                            0x00000305   Thumb Code     0  rtentry4.o(.ARM.Collect$$rtentry$$00000004)
    __rt_entry_li                            0x0000030b   Thumb Code     0  rtentry2.o(.ARM.Collect$$rtentry$$0000000A)
    __rt_entry_postsh_1                      0x0000030b   Thumb Code     0  rtentry2.o(.ARM.Collect$$rtentry$$00000009)
    __rt_entry_main                          0x0000030f   Thumb Code     0  rtentry2.o(.ARM.Collect$$rtentry$$0000000D)
    __rt_entry_postli_1                      0x0000030f   Thumb Code     0  rtentry2.o(.ARM.Collect$$rtentry$$0000000C)
    __rt_exit                                0x00000317   Thumb Code     0  rtexit.o(.ARM.Collect$$rtexit$$00000000)
    __rt_exit_ls                             0x00000319   Thumb Code     0  rtexit2.o(.ARM.Collect$$rtexit$$00000003)
    __rt_exit_prels_1                        0x00000319   Thumb Code     0  rtexit2.o(.ARM.Collect$$rtexit$$00000002)
    __rt_exit_exit                           0x0000031d   Thumb Code     0  rtexit2.o(.ARM.Collect$$rtexit$$00000004)
    Reset_Handler                            0x00000325   Thumb Code     8  startup_tm4c123.o(.text)
    NMI_Handler                              0x0000032d   Thumb Code     2  startup_tm4c123.o(.text)
    HardFault_Handler                        0x0000032f   Thumb Code     2  startup_tm4c123.o(.text)
    MemManage_Handler                        0x00000331   Thumb Code     2  startup_tm4c123.o(.text)
    BusFault_Handler                         0x00000333   Thumb Code     2  startup_tm4c123.o(.text)
    UsageFault_Handler                       0x00000335   Thumb Code     2  startup_tm4c123.o(.text)
    SVC_Handler                              0x00000337   Thumb Code     2  startup_tm4c123.o(.text)
    DebugMon_Handler                         0x00000339   Thumb Code     2  startup_tm4c123.o(.text)
    PendSV_Handler                           0x0000033b   Thumb Code     2  startup_tm4c123.o(.text)
    SysTick_Handler                          0x0000033d   Thumb Code     2  startup_tm4c123.o(.text)
    GPIOA_Handler                            0x0000033f   Thumb Code     2  startup_tm4c123.o(.text)
    GPIOB_Handler                            0x00000341   Thumb Code     2  startup_tm4c123.o(.text)
    GPIOC_Handler                            0x00000343   Thumb Code     2  startup_tm4c123.o(.text)
    GPIOD_Handler                            0x00000345   Thumb Code     2  startup_tm4c123.o(.text)
    GPIOE_Handler                            0x00000347   Thumb Code     2  startup_tm4c123.o(.text)
    UART0_Handler                            0x00000349   Thumb Code     2  startup_tm4c123.o(.text)
    UART1_Handler                            0x0000034b   Thumb Code     2  startup_tm4c123.o(.text)
    SSI0_Handler                             0x0000034d   Thumb Code     2  startup_tm4c123.o(.text)
    I2C0_Handler                             0x0000034f   Thumb Code     2  startup_tm4c123.o(.text)
    PMW0_FAULT_Handler                       0x00000351   Thumb Code     2  startup_tm4c123.o(.text)
    PWM0_0_Handler                           0x00000353   Thumb Code     2  startup_tm4c123.o(.text)
    PWM0_1_Handler                           0x00000355   Thumb Code     2  startup_tm4c123.o(.text)
    PWM0_2_Handler                           0x00000357   Thumb Code     2  startup_tm4c123.o(.text)
    QEI0_Handler                             0x00000359   Thumb Code     2  startup_tm4c123.o(.text)
    ADC0SS0_Handler                          0x0000035b   Thumb Code     2  startup_tm4c123.o(.text)
    ADC0SS1_Handler                          0x0000035d   Thumb Code     2  startup_tm4c123.o(.text)
    ADC0SS2_Handler                          0x0000035f   Thumb Code     2  startup_tm4c123.o(.text)
    ADC0SS3_Handler                          0x00000361   Thumb Code     2  startup_tm4c123.o(.text)
    WDT0_Handler                             0x00000363   Thumb Code     2  startup_tm4c123.o(.text)
    TIMER0A_Handler                          0x00000365   Thumb Code     2  startup_tm4c123.o(.text)
    TIMER0B_Handler                          0x00000367   Thumb Code     2  startup_tm4c123.o(.text)
    TIMER1A_Handler                          0x00000369   Thumb Code     2  startup_tm4c123.o(.text)
    TIMER1B_Handler                          0x0000036b   Thumb Code     2  startup_tm4c123.o(.text)
    TIMER2A_Handler                          0x0000036d   Thumb Code     2  startup_tm4c123.o(.text)
    TIMER2B_Handler                          0x0000036f   Thumb Code     2  startup_tm4c123.o(.text)
    COMP0_Handler                            0x00000371   Thumb Code     2  startup_tm4c123.o(.text)
    COMP1_Handler                            0x00000373   Thumb Code     2  startup_tm4c123.o(.text)
    COMP2_Handler                            0x00000375   Thumb Code     2  startup_tm4c123.o(.text)
    SYSCTL_Handler                           0x00000377   Thumb Code     2  startup_tm4c123.o(.text)
    FLASH_Handler                            0x00000379   Thumb Code     2  startup_tm4c123.o(.text)
    GPIOF_Handler                            0x0000037b   Thumb Code     2  startup_tm4c123.o(.text)
    GPIOG_Handler                            0x0000037d   Thumb Code     2  startup_tm4c123.o(.text)
    GPIOH_Handler                            0x0000037f   Thumb Code     2  startup_tm4c123.o(.text)
    UART2_Handler                            0x00000381   Thumb Code     2  startup_tm4c123.o(.text)
    SSI1_Handler                             0x00000383   Thumb Code     2  startup_tm4c123.o(.text)
    TIMER3A_Handler                          0x00000385   Thumb Code     2  startup_tm4c123.o(.text)
    TIMER3B_Handler                          0x00000387   Thumb Code     2  startup_tm4c123.o(.text)
    I2C1_Handler                             0x00000389   Thumb Code     2  startup_tm4c123.o(.text)
    QEI1_Handler                             0x0000038b   Thumb Code     2  startup_tm4c123.o(.text)
    CAN0_Handler                             0x0000038d   Thumb Code     2  startup_tm4c123.o(.text)
    CAN1_Handler                             0x0000038f   Thumb Code     2  startup_tm4c123.o(.text)
    CAN2_Handler                             0x00000391   Thumb Code     2  startup_tm4c123.o(.text)
    HIB_Handler                              0x00000393   Thumb Code     2  startup_tm4c123.o(.text)
    USB0_Handler                             0x00000395   Thumb Code     2  startup_tm4c123.o(.text)
    PWM0_3_Handler                           0x00000397   Thumb Code     2  startup_tm4c123.o(.text)
    UDMA_Handler                             0x00000399   Thumb Code     2  startup_tm4c123.o(.text)
    UDMAERR_Handler                          0x0000039b   Thumb Code     2  startup_tm4c123.o(.text)
    ADC1SS0_Handler                          0x0000039d   Thumb Code     2  startup_tm4c123.o(.text)
    ADC1SS1_Handler                          0x0000039f   Thumb Code     2  startup_tm4c123.o(.text)
    ADC1SS2_Handler                          0x000003a1   Thumb Code     2  startup_tm4c123.o(.text)
    ADC1SS3_Handler                          0x000003a3   Thumb Code     2  startup_tm4c123.o(.text)
    GPIOJ_Handler                            0x000003a5   Thumb Code     2  startup_tm4c123.o(.text)
    GPIOK_Handler                            0x000003a7   Thumb Code     2  startup_tm4c123.o(.text)
    GPIOL_Handler                            0x000003a9   Thumb Code     2  startup_tm4c123.o(.text)
    SSI2_Handler                             0x000003ab   Thumb Code     2  startup_tm4c123.o(.text)
    SSI3_Handler                             0x000003ad   Thumb Code     2  startup_tm4c123.o(.text)
    UART3_Handler                            0x000003af   Thumb Code     2  startup_tm4c123.o(.text)
    UART4_Handler                            0x000003b1   Thumb Code     2  startup_tm4c123.o(.text)
    UART5_Handler                            0x000003b3   Thumb Code     2  startup_tm4c123.o(.text)
    UART6_Handler                            0x000003b5   Thumb Code     2  startup_tm4c123.o(.text)
    UART7_Handler                            0x000003b7   Thumb Code     2  startup_tm4c123.o(.text)
    I2C2_Handler                             0x000003b9   Thumb Code     2  startup_tm4c123.o(.text)
    I2C3_Handler                             0x000003bb   Thumb Code     2  startup_tm4c123.o(.text)
    TIMER4A_Handler                          0x000003bd   Thumb Code     2  startup_tm4c123.o(.text)
    TIMER4B_Handler                          0x000003bf   Thumb Code     2  startup_tm4c123.o(.text)
    TIMER5A_Handler                          0x000003c1   Thumb Code     2  startup_tm4c123.o(.text)
    TIMER5B_Handler                          0x000003c3   Thumb Code     2  startup_tm4c123.o(.text)
    WTIMER0A_Handler                         0x000003c5   Thumb Code     2  startup_tm4c123.o(.text)
    WTIMER0B_Handler                         0x000003c7   Thumb Code     2  startup_tm4c123.o(.text)
    WTIMER1A_Handler                         0x000003c9   Thumb Code     2  startup_tm4c123.o(.text)
    WTIMER1B_Handler                         0x000003cb   Thumb Code     2  startup_tm4c123.o(.text)
    WTIMER2A_Handler                         0x000003cd   Thumb Code     2  startup_tm4c123.o(.text)
    WTIMER2B_Handler                         0x000003cf   Thumb Code     2  startup_tm4c123.o(.text)
    WTIMER3A_Handler                         0x000003d1   Thumb Code     2  startup_tm4c123.o(.text)
    WTIMER3B_Handler                         0x000003d3   Thumb Code     2  startup_tm4c123.o(.text)
    WTIMER4A_Handler                         0x000003d5   Thumb Code     2  startup_tm4c123.o(.text)
    WTIMER4B_Handler                         0x000003d7   Thumb Code     2  startup_tm4c123.o(.text)
    WTIMER5A_Handler                         0x000003d9   Thumb Code     2  startup_tm4c123.o(.text)
    WTIMER5B_Handler                         0x000003db   Thumb Code     2  startup_tm4c123.o(.text)
    FPU_Handler                              0x000003dd   Thumb Code     2  startup_tm4c123.o(.text)
    I2C4_Handler                             0x000003df   Thumb Code     2  startup_tm4c123.o(.text)
    I2C5_Handler                             0x000003e1   Thumb Code     2  startup_tm4c123.o(.text)
    GPIOM_Handler                            0x000003e3   Thumb Code     2  startup_tm4c123.o(.text)
    GPION_Handler                            0x000003e5   Thumb Code     2  startup_tm4c123.o(.text)
    QEI2_Handler                             0x000003e7   Thumb Code     2  startup_tm4c123.o(.text)
    GPIOP0_Handler                           0x000003e9   Thumb Code     2  startup_tm4c123.o(.text)
    GPIOP1_Handler                           0x000003eb   Thumb Code     2  startup_tm4c123.o(.text)
    GPIOP2_Handler                           0x000003ed   Thumb Code     2  startup_tm4c123.o(.text)
    GPIOP3_Handler                           0x000003ef   Thumb Code     2  startup_tm4c123.o(.text)
    GPIOP4_Handler                           0x000003f1   Thumb Code     2  startup_tm4c123.o(.text)
    GPIOP5_Handler                           0x000003f3   Thumb Code     2  startup_tm4c123.o(.text)
    GPIOP6_Handler                           0x000003f5   Thumb Code     2  startup_tm4c123.o(.text)
    GPIOP7_Handler                           0x000003f7   Thumb Code     2  startup_tm4c123.o(.text)
    GPIOQ0_Handler                           0x000003f9   Thumb Code     2  startup_tm4c123.o(.text)
    GPIOQ1_Handler                           0x000003fb   Thumb Code     2  startup_tm4c123.o(.text)
    GPIOQ2_Handler                           0x000003fd   Thumb Code     2  startup_tm4c123.o(.text)
    GPIOQ3_Handler                           0x000003ff   Thumb Code     2  startup_tm4c123.o(.text)
    GPIOQ4_Handler                           0x00000401   Thumb Code     2  startup_tm4c123.o(.text)
    GPIOQ5_Handler                           0x00000403   Thumb Code     2  startup_tm4c123.o(.text)
    GPIOQ6_Handler                           0x00000405   Thumb Code     2  startup_tm4c123.o(.text)
    GPIOQ7_Handler                           0x00000407   Thumb Code     2  startup_tm4c123.o(.text)
    GPIOR_Handler                            0x00000409   Thumb Code     2  startup_tm4c123.o(.text)
    GPIOS_Handler                            0x0000040b   Thumb Code     2  startup_tm4c123.o(.text)
    PMW1_0_Handler                           0x0000040d   Thumb Code     2  startup_tm4c123.o(.text)
    PWM1_1_Handler                           0x0000040f   Thumb Code     2  startup_tm4c123.o(.text)
    PWM1_2_Handler                           0x00000411   Thumb Code     2  startup_tm4c123.o(.text)
    PWM1_3_Handler                           0x00000413   Thumb Code     2  startup_tm4c123.o(.text)
    PWM1_FAULT_Handler                       0x00000415   Thumb Code     2  startup_tm4c123.o(.text)
    __user_initial_stackheap                 0x00000419   Thumb Code     0  startup_tm4c123.o(.text)
    SystemInit                               0x00000439   Thumb Code     2  main.o(.text)
    main                                     0x0000043b   Thumb Code   498  main.o(.text)
    GPS_read                                 0x000006b9   Thumb Code   452  gps.o(.text)
    ToRad                                    0x0000087d   Thumb Code    42  gps.o(.text)
    GPS_getDistance                          0x000008a7   Thumb Code   334  gps.o(.text)
    UART7_Init                               0x00000a3d   Thumb Code    56  uart.o(.text)
    init_PORT_E                              0x00000a75   Thumb Code    76  uart.o(.text)
    UART7_transmit                           0x00000ac1   Thumb Code    18  uart.o(.text)
    UART7_OutString                          0x00000ad3   Thumb Code    24  uart.o(.text)
    UART6_Init                               0x00000aeb   Thumb Code    56  uart.o(.text)
    UART6_transmit                           0x00000b23   Thumb Code    18  uart.o(.text)
    UART6_OutString                          0x00000b35   Thumb Code    24  uart.o(.text)
    UART5_Init                               0x00000b4d   Thumb Code    56  uart.o(.text)
    UART_recieveByte                         0x00000b85   Thumb Code    92  uart.o(.text)
    getCommand                               0x00000be1   Thumb Code    46  uart.o(.text)
    init_PORT_F                              0x00000c31   Thumb Code   124  gpio.o(.text)
    init_PORT_B                              0x00000cad   Thumb Code    50  gpio.o(.text)
    SW1_input                                0x00000cdf   Thumb Code    10  gpio.o(.text)
    SW2_input                                0x00000ce9   Thumb Code    10  gpio.o(.text)
    RGB_Output                               0x00000cf3   Thumb Code     6  gpio.o(.text)
    SysTick_Init                             0x00000d1d   Thumb Code    24  systick.o(.text)
    SysTick_Wait                             0x00000d35   Thumb Code    28  systick.o(.text)
    milli_second_delay                       0x00000d51   Thumb Code    22  systick.o(.text)
    delayUs                                  0x00000d6d   Thumb Code    40  lcd.o(.text)
    delayMs                                  0x00000d95   Thumb Code    44  lcd.o(.text)
    lcd_write                                0x00000dc1   Thumb Code    60  lcd.o(.text)
    lcd_cmd                                  0x00000dfd   Thumb Code    44  lcd.o(.text)
    lcd_init                                 0x00000e29   Thumb Code   114  lcd.o(.text)
    lcd_char                                 0x00000e9b   Thumb Code    34  lcd.o(.text)
    lcd_str                                  0x00000ebd   Thumb Code    28  lcd.o(.text)
    lcd_str_distance                         0x00000ed9   Thumb Code    34  lcd.o(.text)
    reverse                                  0x00000efb   Thumb Code    28  lcd.o(.text)
    intToStr                                 0x00000f17   Thumb Code    72  lcd.o(.text)
    ftoa                                     0x00000f5f   Thumb Code   140  lcd.o(.text)
    strtok                                   0x00001009   Thumb Code     6  strtok.o(.text)
    strcpy                                   0x00001015   Thumb Code    72  strcpy.o(.text)
    strcmp                                   0x0000105d   Thumb Code   128  strcmpv7m.o(.text)
    __use_two_region_memory                  0x000010dd   Thumb Code     2  heapauxi.o(.text)
    __rt_heap_escrow$2region                 0x000010df   Thumb Code     2  heapauxi.o(.text)
    __rt_heap_expand$2region                 0x000010e1   Thumb Code     2  heapauxi.o(.text)
    __read_errno                             0x000010e3   Thumb Code    10  _rserrno.o(.text)
    __set_errno                              0x000010ed   Thumb Code    12  _rserrno.o(.text)
    __strtod_int                             0x00001135   Thumb Code    88  strtod.o(.text)
    __strtok_internal                        0x00001199   Thumb Code    64  strtok_int.o(.text)
    __aeabi_errno_addr                       0x000011dd   Thumb Code     8  rt_errno_addr_intlibspace.o(.text)
    __errno$intlibspace                      0x000011dd   Thumb Code     0  rt_errno_addr_intlibspace.o(.text)
    __rt_errno_addr$intlibspace              0x000011dd   Thumb Code     0  rt_errno_addr_intlibspace.o(.text)
    isspace                                  0x000011e5   Thumb Code    18  isspace.o(.text)
    _sgetc                                   0x000011f7   Thumb Code    30  _sgetc.o(.text)
    _sbackspace                              0x00001215   Thumb Code    34  _sgetc.o(.text)
    strcspn                                  0x00001237   Thumb Code    32  strcspn.o(.text)
    strspn                                   0x00001257   Thumb Code    28  strspn.o(.text)
    __user_libspace                          0x00001275   Thumb Code     8  libspace.o(.text)
    __user_perproc_libspace                  0x00001275   Thumb Code     0  libspace.o(.text)
    __user_perthread_libspace                0x00001275   Thumb Code     0  libspace.o(.text)
    __user_setup_stackheap                   0x0000127d   Thumb Code    74  sys_stackheap_outer.o(.text)
    __rt_ctype_table                         0x000012c9   Thumb Code    16  rt_ctype_table.o(.text)
    _scanf_really_real                       0x000014d1   Thumb Code   672  scanf_fp.o(.text)
    exit                                     0x0000177d   Thumb Code    12  exit.o(.text)
    __rt_locale                              0x00001789   Thumb Code     8  rt_locale_intlibspace.o(.text)
    _btod_etento                             0x00001791   Thumb Code   222  bigflt0.o(.text)
    _scanf_really_hex_real                   0x00001875   Thumb Code   776  scanf_hexfp.o(.text)
    _scanf_really_infnan                     0x00001b89   Thumb Code   298  scanf_infnan.o(.text)
    _sys_exit                                0x00001cc5   Thumb Code     8  sys_exit.o(.text)
    __aeabi_llsl                             0x00001cd1   Thumb Code     0  llshl.o(.text)
    _ll_shift_l                              0x00001cd1   Thumb Code    38  llshl.o(.text)
    _chval                                   0x00001cf7   Thumb Code    28  _chval.o(.text)
    __I$use$semihosting                      0x00001d13   Thumb Code     0  use_no_semi.o(.text)
    __use_no_semihosting_swi                 0x00001d13   Thumb Code     2  use_no_semi.o(.text)
    __btod_div_common                        0x00001d15   Thumb Code   696  btod.o(CL$$btod_div_common)
    __semihosting_library_function           0x00001d15   Thumb Code     0  indicate_semi.o(.text)
    _e2d                                     0x0000204d   Thumb Code    80  btod.o(CL$$btod_e2d)
    _e2e                                     0x000020a1   Thumb Code   198  btod.o(CL$$btod_e2e)
    _btod_ediv                               0x00002167   Thumb Code    40  btod.o(CL$$btod_ediv)
    _btod_edivd                              0x0000218f   Thumb Code    40  btod.o(CL$$btod_edivd)
    _btod_emul                               0x000021b7   Thumb Code    40  btod.o(CL$$btod_emul)
    _btod_emuld                              0x000021df   Thumb Code    40  btod.o(CL$$btod_emuld)
    __btod_mult_common                       0x00002207   Thumb Code   580  btod.o(CL$$btod_mult_common)
    __ARM_fpclassify                         0x0000244b   Thumb Code    40  fpclassify.o(i.__ARM_fpclassify)
    __ieee754_rem_pio2                       0x00002475   Thumb Code   832  rred.o(i.__ieee754_rem_pio2)
    __kernel_cos                             0x000027fd   Thumb Code   230  cos_i.o(i.__kernel_cos)
    __kernel_poly                            0x000028f9   Thumb Code   170  poly.o(i.__kernel_poly)
    __kernel_sin                             0x000029a5   Thumb Code   224  sin_i.o(i.__kernel_sin)
    __mathlib_dbl_underflow                  0x00002a91   Thumb Code    10  dunder.o(i.__mathlib_dbl_underflow)
    __mathlib_narrow                         0x00002aa1   Thumb Code    16  narrow.o(i.__mathlib_narrow)
    __mathlib_tofloat                        0x00002ab1   Thumb Code   132  narrow.o(i.__mathlib_tofloat)
    __support_ldexp                          0x00002b39   Thumb Code    22  ldexp.o(i.__support_ldexp)
    _is_digit                                0x00002b4f   Thumb Code    14  scanf_fp.o(i._is_digit)
    atan                                     0x00002b5d   Thumb Code   478  atan.o(i.atan)
    atan2                                    0x00002d81   Thumb Code   346  atan2.o(i.atan2)
    atof                                     0x00002f01   Thumb Code    42  atof.o(i.atof)
    cos                                      0x00002f2d   Thumb Code   164  cos.o(i.cos)
    frexp                                    0x00002fd9   Thumb Code    80  frexp.o(i.frexp)
    ldexp                                    0x00003031   Thumb Code   126  ldexp.o(i.ldexp)
    pow                                      0x000030b1   Thumb Code  2510  pow.o(i.pow)
    sin                                      0x00003a91   Thumb Code   166  sin.o(i.sin)
    sqrt                                     0x00003b41   Thumb Code    76  sqrt.o(i.sqrt)
    _get_lc_numeric                          0x00003b8d   Thumb Code    44  lc_numeric_c.o(locale$$code)
    _get_lc_ctype                            0x00003bb9   Thumb Code    44  lc_ctype_c.o(locale$$code)
    __aeabi_d2f                              0x00003be5   Thumb Code     0  d2f.o(x$fpl$d2f)
    _d2f                                     0x00003be5   Thumb Code    98  d2f.o(x$fpl$d2f)
    __aeabi_dadd                             0x00003c49   Thumb Code     0  daddsub_clz.o(x$fpl$dadd)
    _dadd                                    0x00003c49   Thumb Code   332  daddsub_clz.o(x$fpl$dadd)
    __fpl_dcheck_NaN1                        0x00003d99   Thumb Code    10  dcheck1.o(x$fpl$dcheck1)
    __fpl_dcmp_Inf                           0x00003da9   Thumb Code    24  dcmpi.o(x$fpl$dcmpinf)
    __aeabi_ddiv                             0x00003dc1   Thumb Code     0  ddiv.o(x$fpl$ddiv)
    _ddiv                                    0x00003dc1   Thumb Code   552  ddiv.o(x$fpl$ddiv)
    __aeabi_cdcmpeq                          0x00004071   Thumb Code     0  deqf.o(x$fpl$deqf)
    _dcmpeq                                  0x00004071   Thumb Code   120  deqf.o(x$fpl$deqf)
    __aeabi_d2iz                             0x000040e9   Thumb Code     0  dfix.o(x$fpl$dfix)
    _dfix                                    0x000040e9   Thumb Code    94  dfix.o(x$fpl$dfix)
    __aeabi_i2d                              0x00004147   Thumb Code     0  dflt_clz.o(x$fpl$dflt)
    _dflt                                    0x00004147   Thumb Code    46  dflt_clz.o(x$fpl$dflt)
    __aeabi_ui2d                             0x00004175   Thumb Code     0  dflt_clz.o(x$fpl$dfltu)
    _dfltu                                   0x00004175   Thumb Code    38  dflt_clz.o(x$fpl$dfltu)
    __aeabi_cdcmple                          0x0000419d   Thumb Code     0  dleqf.o(x$fpl$dleqf)
    _dcmple                                  0x0000419d   Thumb Code   120  dleqf.o(x$fpl$dleqf)
    __fpl_dcmple_InfNaN                      0x000041ff   Thumb Code     0  dleqf.o(x$fpl$dleqf)
    __aeabi_dmul                             0x00004215   Thumb Code     0  dmul.o(x$fpl$dmul)
    _dmul                                    0x00004215   Thumb Code   332  dmul.o(x$fpl$dmul)
    __fpl_dnaninf                            0x00004369   Thumb Code   156  dnaninf.o(x$fpl$dnaninf)
    __fpl_dretinf                            0x00004405   Thumb Code    12  dretinf.o(x$fpl$dretinf)
    __aeabi_cdrcmple                         0x00004411   Thumb Code     0  drleqf.o(x$fpl$drleqf)
    _drcmple                                 0x00004411   Thumb Code   108  drleqf.o(x$fpl$drleqf)
    __aeabi_drsub                            0x0000447d   Thumb Code     0  daddsub_clz.o(x$fpl$drsb)
    _drsb                                    0x0000447d   Thumb Code    22  daddsub_clz.o(x$fpl$drsb)
    _dsqrt                                   0x00004495   Thumb Code   404  dsqrt_umaal.o(x$fpl$dsqrt)
    __aeabi_dsub                             0x0000462d   Thumb Code     0  daddsub_clz.o(x$fpl$dsub)
    _dsub                                    0x0000462d   Thumb Code   464  daddsub_clz.o(x$fpl$dsub)
    __aeabi_f2d                              0x00004801   Thumb Code     0  f2d.o(x$fpl$f2d)
    _f2d                                     0x00004801   Thumb Code    86  f2d.o(x$fpl$f2d)
    __aeabi_fadd                             0x00004859   Thumb Code     0  faddsub_clz.o(x$fpl$fadd)
    _fadd                                    0x00004859   Thumb Code   196  faddsub_clz.o(x$fpl$fadd)
    __fpl_fcmp_Inf                           0x0000491d   Thumb Code    24  fcmpi.o(x$fpl$fcmpinf)
    __aeabi_cfcmpeq                          0x00004935   Thumb Code     0  feqf.o(x$fpl$feqf)
    _fcmpeq                                  0x00004935   Thumb Code   104  feqf.o(x$fpl$feqf)
    __aeabi_f2iz                             0x0000499d   Thumb Code     0  ffix.o(x$fpl$ffix)
    _ffix                                    0x0000499d   Thumb Code    54  ffix.o(x$fpl$ffix)
    __aeabi_i2f                              0x000049d5   Thumb Code     0  fflt_clz.o(x$fpl$fflt)
    _fflt                                    0x000049d5   Thumb Code    48  fflt_clz.o(x$fpl$fflt)
    __aeabi_cfcmple                          0x00004a05   Thumb Code     0  fleqf.o(x$fpl$fleqf)
    _fcmple                                  0x00004a05   Thumb Code   104  fleqf.o(x$fpl$fleqf)
    __fpl_fcmple_InfNaN                      0x00004a57   Thumb Code     0  fleqf.o(x$fpl$fleqf)
    __fpl_fnaninf                            0x00004a6d   Thumb Code   140  fnaninf.o(x$fpl$fnaninf)
    __fpl_fretinf                            0x00004af9   Thumb Code    10  fretinf.o(x$fpl$fretinf)
    __aeabi_cfrcmple                         0x00004b03   Thumb Code     0  frleqf.o(x$fpl$frleqf)
    _frcmple                                 0x00004b03   Thumb Code    98  frleqf.o(x$fpl$frleqf)
    __aeabi_frsub                            0x00004b65   Thumb Code     0  faddsub_clz.o(x$fpl$frsb)
    _frsb                                    0x00004b65   Thumb Code    20  faddsub_clz.o(x$fpl$frsb)
    __aeabi_fsub                             0x00004b79   Thumb Code     0  faddsub_clz.o(x$fpl$fsub)
    _fsub                                    0x00004b79   Thumb Code   234  faddsub_clz.o(x$fpl$fsub)
    __fpl_return_NaN                         0x00004c63   Thumb Code   100  retnan.o(x$fpl$retnan)
    __ARM_scalbn                             0x00004cc7   Thumb Code    92  scalbn.o(x$fpl$scalbn)
    _scanf_real                              0x00004d23   Thumb Code     4  scanf1.o(x$fpl$scanf1)
    _scanf_hex_real                          0x00004d27   Thumb Code     4  scanf2.o(x$fpl$scanf2)
    _scanf_infnan                            0x00004d2b   Thumb Code     4  scanf2.o(x$fpl$scanf2)
    __fpl_cmpreturn                          0x00004d2f   Thumb Code    48  trapv.o(x$fpl$trapveneer)
    __I$use$fp                               0x00004d5e   Number         0  usenofp.o(x$fpl$usenofp)
    __mathlib_zero                           0x00004eb0   Data           8  qnan.o(.constdata)
    Region$$Table$$Base                      0x0000503c   Number         0  anon$$obj.o(Region$$Table)
    Region$$Table$$Limit                     0x0000505c   Number         0  anon$$obj.o(Region$$Table)
    __aeabi_HUGE_VAL                         0x0000505c   Data           0  fpconst.o(c$$dinf)
    __aeabi_HUGE_VALL                        0x0000505c   Data           0  fpconst.o(c$$dinf)
    __aeabi_INFINITY                         0x0000505c   Data           0  fpconst.o(c$$dinf)
    __dInf                                   0x0000505c   Data           0  fpconst.o(c$$dinf)
    __huge_val                               0x0000505c   Data           0  fpconst.o(c$$dinf)
    __ctype                                  0x0000508d   Data           0  lc_ctype_c.o(locale$$data)
    h                                        0x20000000   Data           4  main.o(.data)
    distance                                 0x20000004   Data           4  main.o(.data)
    total_distance                           0x20000008   Data           4  main.o(.data)
    switch1                                  0x2000000c   Data           4  main.o(.data)
    switch2                                  0x20000010   Data           4  main.o(.data)
    str                                      0x20000014   Data           4  main.o(.data)
    min                                      0x20000018   Data           8  gps.o(.data)
    sec                                      0x20000020   Data           8  gps.o(.data)
    deg                                      0x20000028   Data           8  gps.o(.data)
    result                                   0x20000030   Data           8  gps.o(.data)
    currentLong                              0x20000038   Data           8  gps.o(.data)
    currentLat                               0x20000040   Data           8  gps.o(.data)
    speed                                    0x20000048   Data           8  gps.o(.data)
    token                                    0x20000050   Data           4  gps.o(.data)
    current                                  0x20000058   Data          16  main.o(.bss)
    final                                    0x20000068   Data          16  main.o(.bss)
    string                                   0x20000078   Data          10  gps.o(.bss)
    GPS                                      0x20000082   Data         100  gps.o(.bss)
    GPS_GPGGA_VALUES                         0x200000e6   Data         240  gps.o(.bss)
    __libspace_start                         0x200001d8   Data          96  libspace.o(.bss)
    __temporary_stack_top$libspace           0x20000238   Data           0  libspace.o(.bss)



==============================================================================

Memory Map of the image

  Image Entry point : 0x00000325

  Load Region LR_1 (Base: 0x00000000, Size: 0x000051e8, Max: 0xffffffff, ABSOLUTE)

    Execution Region ER_RO (Base: 0x00000000, Size: 0x00005190, Max: 0xffffffff, ABSOLUTE)

    Base Addr    Size         Type   Attr      Idx    E Section Name        Object

    0x00000000   0x0000026c   Data   RO            3    RESET               startup_tm4c123.o
    0x0000026c   0x00000008   Code   RO          185  * !!!main             c_w.l(__main.o)
    0x00000274   0x00000034   Code   RO          597    !!!scatter          c_w.l(__scatter.o)
    0x000002a8   0x0000001a   Code   RO          599    !!handler_copy      c_w.l(__scatter_copy.o)
    0x000002c2   0x00000002   PAD
    0x000002c4   0x0000001c   Code   RO          601    !!handler_zi        c_w.l(__scatter_zi.o)
    0x000002e0   0x00000002   Code   RO          393    .ARM.Collect$$libinit$$00000000  c_w.l(libinit.o)
    0x000002e2   0x00000000   Code   RO          395    .ARM.Collect$$libinit$$00000002  c_w.l(libinit2.o)
    0x000002e2   0x00000000   Code   RO          398    .ARM.Collect$$libinit$$00000008  c_w.l(libinit2.o)
    0x000002e2   0x00000000   Code   RO          400    .ARM.Collect$$libinit$$0000000A  c_w.l(libinit2.o)
    0x000002e2   0x00000000   Code   RO          402    .ARM.Collect$$libinit$$0000000C  c_w.l(libinit2.o)
    0x000002e2   0x00000006   Code   RO          403    .ARM.Collect$$libinit$$0000000D  c_w.l(libinit2.o)
    0x000002e8   0x00000000   Code   RO          405    .ARM.Collect$$libinit$$0000000F  c_w.l(libinit2.o)
    0x000002e8   0x0000000c   Code   RO          406    .ARM.Collect$$libinit$$00000010  c_w.l(libinit2.o)
    0x000002f4   0x00000000   Code   RO          407    .ARM.Collect$$libinit$$00000011  c_w.l(libinit2.o)
    0x000002f4   0x00000000   Code   RO          409    .ARM.Collect$$libinit$$00000013  c_w.l(libinit2.o)
    0x000002f4   0x0000000a   Code   RO          410    .ARM.Collect$$libinit$$00000014  c_w.l(libinit2.o)
    0x000002fe   0x00000000   Code   RO          411    .ARM.Collect$$libinit$$00000015  c_w.l(libinit2.o)
    0x000002fe   0x00000000   Code   RO          413    .ARM.Collect$$libinit$$00000017  c_w.l(libinit2.o)
    0x000002fe   0x00000000   Code   RO          415    .ARM.Collect$$libinit$$00000019  c_w.l(libinit2.o)
    0x000002fe   0x00000000   Code   RO          417    .ARM.Collect$$libinit$$0000001B  c_w.l(libinit2.o)
    0x000002fe   0x00000000   Code   RO          419    .ARM.Collect$$libinit$$0000001D  c_w.l(libinit2.o)
    0x000002fe   0x00000000   Code   RO          421    .ARM.Collect$$libinit$$0000001F  c_w.l(libinit2.o)
    0x000002fe   0x00000000   Code   RO          423    .ARM.Collect$$libinit$$00000021  c_w.l(libinit2.o)
    0x000002fe   0x00000000   Code   RO          425    .ARM.Collect$$libinit$$00000023  c_w.l(libinit2.o)
    0x000002fe   0x00000000   Code   RO          429    .ARM.Collect$$libinit$$0000002A  c_w.l(libinit2.o)
    0x000002fe   0x00000000   Code   RO          431    .ARM.Collect$$libinit$$0000002C  c_w.l(libinit2.o)
    0x000002fe   0x00000000   Code   RO          433    .ARM.Collect$$libinit$$0000002E  c_w.l(libinit2.o)
    0x000002fe   0x00000000   Code   RO          435    .ARM.Collect$$libinit$$00000030  c_w.l(libinit2.o)
    0x000002fe   0x00000002   Code   RO          436    .ARM.Collect$$libinit$$00000031  c_w.l(libinit2.o)
    0x00000300   0x00000002   Code   RO          534    .ARM.Collect$$libshutdown$$00000000  c_w.l(libshutdown.o)
    0x00000302   0x00000000   Code   RO          558    .ARM.Collect$$libshutdown$$00000003  c_w.l(libshutdown2.o)
    0x00000302   0x00000000   Code   RO          561    .ARM.Collect$$libshutdown$$00000006  c_w.l(libshutdown2.o)
    0x00000302   0x00000000   Code   RO          564    .ARM.Collect$$libshutdown$$00000009  c_w.l(libshutdown2.o)
    0x00000302   0x00000000   Code   RO          566    .ARM.Collect$$libshutdown$$0000000B  c_w.l(libshutdown2.o)
    0x00000302   0x00000000   Code   RO          569    .ARM.Collect$$libshutdown$$0000000E  c_w.l(libshutdown2.o)
    0x00000302   0x00000002   Code   RO          570    .ARM.Collect$$libshutdown$$0000000F  c_w.l(libshutdown2.o)
    0x00000304   0x00000000   Code   RO          277    .ARM.Collect$$rtentry$$00000000  c_w.l(rtentry.o)
    0x00000304   0x00000000   Code   RO          335    .ARM.Collect$$rtentry$$00000002  c_w.l(rtentry2.o)
    0x00000304   0x00000006   Code   RO          347    .ARM.Collect$$rtentry$$00000004  c_w.l(rtentry4.o)
    0x0000030a   0x00000000   Code   RO          337    .ARM.Collect$$rtentry$$00000009  c_w.l(rtentry2.o)
    0x0000030a   0x00000004   Code   RO          338    .ARM.Collect$$rtentry$$0000000A  c_w.l(rtentry2.o)
    0x0000030e   0x00000000   Code   RO          340    .ARM.Collect$$rtentry$$0000000C  c_w.l(rtentry2.o)
    0x0000030e   0x00000008   Code   RO          341    .ARM.Collect$$rtentry$$0000000D  c_w.l(rtentry2.o)
    0x00000316   0x00000002   Code   RO          439    .ARM.Collect$$rtexit$$00000000  c_w.l(rtexit.o)
    0x00000318   0x00000000   Code   RO          498    .ARM.Collect$$rtexit$$00000002  c_w.l(rtexit2.o)
    0x00000318   0x00000004   Code   RO          499    .ARM.Collect$$rtexit$$00000003  c_w.l(rtexit2.o)
    0x0000031c   0x00000006   Code   RO          500    .ARM.Collect$$rtexit$$00000004  c_w.l(rtexit2.o)
    0x00000322   0x00000002   PAD
    0x00000324   0x00000114   Code   RO            4  * .text               startup_tm4c123.o
    0x00000438   0x00000280   Code   RO           12    .text               main.o
    0x000006b8   0x00000384   Code   RO          105    .text               gps.o
    0x00000a3c   0x000001f4   Code   RO          122    .text               uart.o
    0x00000c30   0x000000ec   Code   RO          138    .text               gpio.o
    0x00000d1c   0x00000050   Code   RO          150    .text               systick.o
    0x00000d6c   0x0000029c   Code   RO          162    .text               lcd.o
    0x00001008   0x0000000c   Code   RO          176    .text               c_w.l(strtok.o)
    0x00001014   0x00000048   Code   RO          179    .text               c_w.l(strcpy.o)
    0x0000105c   0x00000080   Code   RO          181    .text               c_w.l(strcmpv7m.o)
    0x000010dc   0x00000006   Code   RO          183    .text               c_w.l(heapauxi.o)
    0x000010e2   0x00000016   Code   RO          278    .text               c_w.l(_rserrno.o)
    0x000010f8   0x000000a0   Code   RO          280    .text               c_w.l(strtod.o)
    0x00001198   0x00000044   Code   RO          282    .text               c_w.l(strtok_int.o)
    0x000011dc   0x00000008   Code   RO          352    .text               c_w.l(rt_errno_addr_intlibspace.o)
    0x000011e4   0x00000012   Code   RO          354    .text               c_w.l(isspace.o)
    0x000011f6   0x00000040   Code   RO          356    .text               c_w.l(_sgetc.o)
    0x00001236   0x00000020   Code   RO          361    .text               c_w.l(strcspn.o)
    0x00001256   0x0000001c   Code   RO          363    .text               c_w.l(strspn.o)
    0x00001272   0x00000002   PAD
    0x00001274   0x00000008   Code   RO          375    .text               c_w.l(libspace.o)
    0x0000127c   0x0000004a   Code   RO          378    .text               c_w.l(sys_stackheap_outer.o)
    0x000012c6   0x00000002   PAD
    0x000012c8   0x00000010   Code   RO          380    .text               c_w.l(rt_ctype_table.o)
    0x000012d8   0x000004a4   Code   RO          382    .text               c_w.l(scanf_fp.o)
    0x0000177c   0x0000000c   Code   RO          386    .text               c_w.l(exit.o)
    0x00001788   0x00000008   Code   RO          444    .text               c_w.l(rt_locale_intlibspace.o)
    0x00001790   0x000000e4   Code   RO          446    .text               c_w.l(bigflt0.o)
    0x00001874   0x00000314   Code   RO          504    .text               c_w.l(scanf_hexfp.o)
    0x00001b88   0x0000013c   Code   RO          506    .text               c_w.l(scanf_infnan.o)
    0x00001cc4   0x0000000c   Code   RO          520    .text               c_w.l(sys_exit.o)
    0x00001cd0   0x00000026   Code   RO          524    .text               c_w.l(llshl.o)
    0x00001cf6   0x0000001c   Code   RO          526    .text               c_w.l(_chval.o)
    0x00001d12   0x00000002   Code   RO          547    .text               c_w.l(use_no_semi.o)
    0x00001d14   0x00000000   Code   RO          549    .text               c_w.l(indicate_semi.o)
    0x00001d14   0x00000338   Code   RO          459    CL$$btod_div_common  c_w.l(btod.o)
    0x0000204c   0x00000054   Code   RO          457    CL$$btod_e2d        c_w.l(btod.o)
    0x000020a0   0x000000c6   Code   RO          456    CL$$btod_e2e        c_w.l(btod.o)
    0x00002166   0x00000028   Code   RO          453    CL$$btod_ediv       c_w.l(btod.o)
    0x0000218e   0x00000028   Code   RO          455    CL$$btod_edivd      c_w.l(btod.o)
    0x000021b6   0x00000028   Code   RO          452    CL$$btod_emul       c_w.l(btod.o)
    0x000021de   0x00000028   Code   RO          454    CL$$btod_emuld      c_w.l(btod.o)
    0x00002206   0x00000244   Code   RO          458    CL$$btod_mult_common  c_w.l(btod.o)
    0x0000244a   0x00000028   Code   RO          318    i.__ARM_fpclassify  m_ws.l(fpclassify.o)
    0x00002472   0x00000002   PAD
    0x00002474   0x00000388   Code   RO          323    i.__ieee754_rem_pio2  m_ws.l(rred.o)
    0x000027fc   0x000000fc   Code   RO          313    i.__kernel_cos      m_ws.l(cos_i.o)
    0x000028f8   0x000000aa   Code   RO          320    i.__kernel_poly     m_ws.l(poly.o)
    0x000029a2   0x00000002   PAD
    0x000029a4   0x000000ec   Code   RO          328    i.__kernel_sin      m_ws.l(sin_i.o)
    0x00002a90   0x00000010   Code   RO          316    i.__mathlib_dbl_underflow  m_ws.l(dunder.o)
    0x00002aa0   0x00000010   Code   RO          491    i.__mathlib_narrow  m_ws.l(narrow.o)
    0x00002ab0   0x00000088   Code   RO          492    i.__mathlib_tofloat  m_ws.l(narrow.o)
    0x00002b38   0x00000016   Code   RO          536    i.__support_ldexp   m_ws.l(ldexp.o)
    0x00002b4e   0x0000000e   Code   RO          384    i._is_digit         c_w.l(scanf_fp.o)
    0x00002b5c   0x00000224   Code   RO          304    i.atan              m_ws.l(atan.o)
    0x00002d80   0x00000180   Code   RO          232    i.atan2             m_ws.l(atan2.o)
    0x00002f00   0x0000002a   Code   RO          240    i.atof              m_ws.l(atof.o)
    0x00002f2a   0x00000002   PAD
    0x00002f2c   0x000000ac   Code   RO          244    i.cos               m_ws.l(cos.o)
    0x00002fd8   0x00000058   Code   RO          515    i.frexp             m_ws.l(frexp.o)
    0x00003030   0x0000007e   Code   RO          537    i.ldexp             m_ws.l(ldexp.o)
    0x000030ae   0x00000002   PAD
    0x000030b0   0x000009e0   Code   RO          252    i.pow               m_ws.l(pow.o)
    0x00003a90   0x000000b0   Code   RO          262    i.sin               m_ws.l(sin.o)
    0x00003b40   0x0000004c   Code   RO          270    i.sqrt              m_ws.l(sqrt.o)
    0x00003b8c   0x0000002c   Code   RO          359    locale$$code        c_w.l(lc_numeric_c.o)
    0x00003bb8   0x0000002c   Code   RO          472    locale$$code        c_w.l(lc_ctype_c.o)
    0x00003be4   0x00000062   Code   RO          187    x$fpl$d2f           fz_ws.l(d2f.o)
    0x00003c46   0x00000002   PAD
    0x00003c48   0x00000150   Code   RO          189    x$fpl$dadd          fz_ws.l(daddsub_clz.o)
    0x00003d98   0x00000010   Code   RO          365    x$fpl$dcheck1       fz_ws.l(dcheck1.o)
    0x00003da8   0x00000018   Code   RO          367    x$fpl$dcmpinf       fz_ws.l(dcmpi.o)
    0x00003dc0   0x000002b0   Code   RO          196    x$fpl$ddiv          fz_ws.l(ddiv.o)
    0x00004070   0x00000078   Code   RO          512    x$fpl$deqf          fz_ws.l(deqf.o)
    0x000040e8   0x0000005e   Code   RO          369    x$fpl$dfix          fz_ws.l(dfix.o)
    0x00004146   0x0000002e   Code   RO          200    x$fpl$dflt          fz_ws.l(dflt_clz.o)
    0x00004174   0x00000026   Code   RO          199    x$fpl$dfltu         fz_ws.l(dflt_clz.o)
    0x0000419a   0x00000002   PAD
    0x0000419c   0x00000078   Code   RO          284    x$fpl$dleqf         fz_ws.l(dleqf.o)
    0x00004214   0x00000154   Code   RO          205    x$fpl$dmul          fz_ws.l(dmul.o)
    0x00004368   0x0000009c   Code   RO          286    x$fpl$dnaninf       fz_ws.l(dnaninf.o)
    0x00004404   0x0000000c   Code   RO          288    x$fpl$dretinf       fz_ws.l(dretinf.o)
    0x00004410   0x0000006c   Code   RO          207    x$fpl$drleqf        fz_ws.l(drleqf.o)
    0x0000447c   0x00000016   Code   RO          190    x$fpl$drsb          fz_ws.l(daddsub_clz.o)
    0x00004492   0x00000002   PAD
    0x00004494   0x00000198   Code   RO          290    x$fpl$dsqrt         fz_ws.l(dsqrt_umaal.o)
    0x0000462c   0x000001d4   Code   RO          191    x$fpl$dsub          fz_ws.l(daddsub_clz.o)
    0x00004800   0x00000056   Code   RO          209    x$fpl$f2d           fz_ws.l(f2d.o)
    0x00004856   0x00000002   PAD
    0x00004858   0x000000c4   Code   RO          211    x$fpl$fadd          fz_ws.l(faddsub_clz.o)
    0x0000491c   0x00000018   Code   RO          292    x$fpl$fcmpinf       fz_ws.l(fcmpi.o)
    0x00004934   0x00000068   Code   RO          217    x$fpl$feqf          fz_ws.l(feqf.o)
    0x0000499c   0x00000036   Code   RO          219    x$fpl$ffix          fz_ws.l(ffix.o)
    0x000049d2   0x00000002   PAD
    0x000049d4   0x00000030   Code   RO          224    x$fpl$fflt          fz_ws.l(fflt_clz.o)
    0x00004a04   0x00000068   Code   RO          294    x$fpl$fleqf         fz_ws.l(fleqf.o)
    0x00004a6c   0x0000008c   Code   RO          296    x$fpl$fnaninf       fz_ws.l(fnaninf.o)
    0x00004af8   0x0000000a   Code   RO          298    x$fpl$fretinf       fz_ws.l(fretinf.o)
    0x00004b02   0x00000062   Code   RO          229    x$fpl$frleqf        fz_ws.l(frleqf.o)
    0x00004b64   0x00000014   Code   RO          212    x$fpl$frsb          fz_ws.l(faddsub_clz.o)
    0x00004b78   0x000000ea   Code   RO          213    x$fpl$fsub          fz_ws.l(faddsub_clz.o)
    0x00004c62   0x00000064   Code   RO          437    x$fpl$retnan        fz_ws.l(retnan.o)
    0x00004cc6   0x0000005c   Code   RO          300    x$fpl$scalbn        fz_ws.l(scalbn.o)
    0x00004d22   0x00000004   Code   RO          373    x$fpl$scanf1        fz_ws.l(scanf1.o)
    0x00004d26   0x00000008   Code   RO          483    x$fpl$scanf2        fz_ws.l(scanf2.o)
    0x00004d2e   0x00000030   Code   RO          489    x$fpl$trapveneer    fz_ws.l(trapv.o)
    0x00004d5e   0x00000000   Code   RO          302    x$fpl$usenofp       fz_ws.l(usenofp.o)
    0x00004d5e   0x00000002   PAD
    0x00004d60   0x00000088   Data   RO          253    .constdata          m_ws.l(pow.o)
    0x00004de8   0x00000098   Data   RO          305    .constdata          m_ws.l(atan.o)
    0x00004e80   0x00000030   Data   RO          314    .constdata          m_ws.l(cos_i.o)
    0x00004eb0   0x00000008   Data   RO          322    .constdata          m_ws.l(qnan.o)
    0x00004eb8   0x000000c8   Data   RO          325    .constdata          m_ws.l(rred.o)
    0x00004f80   0x00000028   Data   RO          329    .constdata          m_ws.l(sin_i.o)
    0x00004fa8   0x00000094   Data   RO          447    .constdata          c_w.l(bigflt0.o)
    0x0000503c   0x00000020   Data   RO          595    Region$$Table       anon$$obj.o
    0x0000505c   0x00000008   Data   RO          476    c$$dinf             fz_ws.l(fpconst.o)
    0x00005064   0x0000001c   Data   RO          358    locale$$data        c_w.l(lc_numeric_c.o)
    0x00005080   0x00000110   Data   RO          471    locale$$data        c_w.l(lc_ctype_c.o)


    Execution Region ER_RW (Base: 0x20000000, Size: 0x00000058, Max: 0xffffffff, ABSOLUTE)

    Base Addr    Size         Type   Attr      Idx    E Section Name        Object

    0x20000000   0x00000018   Data   RW           14    .data               main.o
    0x20000018   0x0000003c   Data   RW          108    .data               gps.o
    0x20000054   0x00000004   Data   RW          177    .data               c_w.l(strtok.o)


    Execution Region ER_ZI (Base: 0x20000058, Size: 0x000003e0, Max: 0xffffffff, ABSOLUTE)

    Base Addr    Size         Type   Attr      Idx    E Section Name        Object

    0x20000058   0x00000020   Zero   RW           13    .bss                main.o
    0x20000078   0x0000015e   Zero   RW          106    .bss                gps.o
    0x200001d6   0x00000002   PAD
    0x200001d8   0x00000060   Zero   RW          376    .bss                c_w.l(libspace.o)
    0x20000238   0x00000000   Zero   RW            2    HEAP                startup_tm4c123.o
    0x20000238   0x00000200   Zero   RW            1    STACK               startup_tm4c123.o


==============================================================================

Image component sizes


      Code (inc. data)   RO Data    RW Data    ZI Data      Debug   Object Name

       236         36          0          0          0        909   gpio.o
       900         72          0         60        350       2614   gps.o
       668         30          0          0          0       2697   lcd.o
       640        140          0         24         32       5796   main.o
       276         24        620          0        512       5368   startup_tm4c123.o
        80          6          0          0          0        835   systick.o
       500         34          0          0          0       2433   uart.o

    ----------------------------------------------------------------------
      3300        342        652         84        896      20652   Object Totals
         0          0         32          0          0          0   (incl. Generated)
         0          0          0          0          2          0   (incl. Padding)

    ----------------------------------------------------------------------

      Code (inc. data)   RO Data    RW Data    ZI Data      Debug   Library Member Name

         8          0          0          0          0         68   __main.o
        52          8          0          0          0          0   __scatter.o
        26          0          0          0          0          0   __scatter_copy.o
        28          0          0          0          0          0   __scatter_zi.o
        28          0          0          0          0         68   _chval.o
        22          0          0          0          0        100   _rserrno.o
        64          0          0          0          0         84   _sgetc.o
       228          6        148          0          0         96   bigflt0.o
      1846        132          0          0          0        736   btod.o
        12          0          0          0          0         72   exit.o
         6          0          0          0          0        152   heapauxi.o
         0          0          0          0          0          0   indicate_semi.o
        18          0          0          0          0         76   isspace.o
        44         10        272          0          0         76   lc_ctype_c.o
        44         10         28          0          0         76   lc_numeric_c.o
         2          0          0          0          0          0   libinit.o
        30          0          0          0          0          0   libinit2.o
         2          0          0          0          0          0   libshutdown.o
         2          0          0          0          0          0   libshutdown2.o
         8          4          0          0         96         68   libspace.o
        38          0          0          0          0         68   llshl.o
        16          4          0          0          0         76   rt_ctype_table.o
         8          4          0          0          0         68   rt_errno_addr_intlibspace.o
         8          4          0          0          0         68   rt_locale_intlibspace.o
         0          0          0          0          0          0   rtentry.o
        12          0          0          0          0          0   rtentry2.o
         6          0          0          0          0          0   rtentry4.o
         2          0          0          0          0          0   rtexit.o
        10          0          0          0          0          0   rtexit2.o
      1202         12          0          0          0        216   scanf_fp.o
       788         12          0          0          0        100   scanf_hexfp.o
       316         18          0          0          0        100   scanf_infnan.o
       128          0          0          0          0         68   strcmpv7m.o
        72          0          0          0          0         80   strcpy.o
        32          0          0          0          0         80   strcspn.o
        28          0          0          0          0         80   strspn.o
       160         12          0          0          0        120   strtod.o
        12          6          0          4          0         68   strtok.o
        68          4          0          0          0         84   strtok_int.o
        12          4          0          0          0         68   sys_exit.o
        74          0          0          0          0         80   sys_stackheap_outer.o
         2          0          0          0          0         68   use_no_semi.o
        98          4          0          0          0         92   d2f.o
       826         16          0          0          0        348   daddsub_clz.o
        16          4          0          0          0         68   dcheck1.o
        24          0          0          0          0         68   dcmpi.o
       688        140          0          0          0        208   ddiv.o
       120          4          0          0          0         92   deqf.o
        94          4          0          0          0         92   dfix.o
        84          0          0          0          0        136   dflt_clz.o
       120          4          0          0          0         92   dleqf.o
       340         12          0          0          0        104   dmul.o
       156          4          0          0          0         92   dnaninf.o
        12          0          0          0          0         68   dretinf.o
       108          0          0          0          0         80   drleqf.o
       408         56          0          0          0        120   dsqrt_umaal.o
        86          4          0          0          0         84   f2d.o
       450          8          0          0          0        236   faddsub_clz.o
        24          0          0          0          0         68   fcmpi.o
       104          4          0          0          0         84   feqf.o
        54          4          0          0          0         84   ffix.o
        48          0          0          0          0         68   fflt_clz.o
       104          4          0          0          0         84   fleqf.o
       140          4          0          0          0         84   fnaninf.o
         0          0          8          0          0          0   fpconst.o
        10          0          0          0          0         68   fretinf.o
        98          0          0          0          0         68   frleqf.o
       100          0          0          0          0         68   retnan.o
        92          0          0          0          0         68   scalbn.o
         4          0          0          0          0         68   scanf1.o
         8          0          0          0          0         84   scanf2.o
        48          0          0          0          0         68   trapv.o
         0          0          0          0          0          0   usenofp.o
       548         70        152          0          0        124   atan.o
       384         38          0          0          0        144   atan2.o
        42          0          0          0          0         84   atof.o
       172          8          0          0          0        112   cos.o
       252         22         48          0          0        124   cos_i.o
        16          6          0          0          0         68   dunder.o
        40          0          0          0          0         68   fpclassify.o
        88          8          0          0          0         76   frexp.o
       148          0          0          0          0        160   ldexp.o
       152          4          0          0          0        160   narrow.o
       170          0          0          0          0         96   poly.o
      2528        190        136          0          0        332   pow.o
         0          0          8          0          0          0   qnan.o
       904         72        200          0          0        140   rred.o
       176         10          0          0          0        116   sin.o
       236         12         40          0          0        128   sin_i.o
        76          0          0          0          0         84   sqrt.o

    ----------------------------------------------------------------------
     15888        966       1040          4         96       8124   Library Totals
        28          0          0          0          0          0   (incl. Padding)

    ----------------------------------------------------------------------

      Code (inc. data)   RO Data    RW Data    ZI Data      Debug   Library Name

      5464        250        448          4         96       3164   c_w.l
      4464        276          8          0          0       2944   fz_ws.l
      5932        440        584          0          0       2016   m_ws.l

    ----------------------------------------------------------------------
     15888        966       1040          4         96       8124   Library Totals

    ----------------------------------------------------------------------

==============================================================================


      Code (inc. data)   RO Data    RW Data    ZI Data      Debug   

     19188       1308       1692         88        992      23784   Grand Totals
     19188       1308       1692         88        992      23784   ELF Image Totals
     19188       1308       1692         88          0          0   ROM Totals

==============================================================================

    Total RO  Size (Code + RO Data)                20880 (  20.39kB)
    Total RW  Size (RW Data + ZI Data)              1080 (   1.05kB)
    Total ROM Size (Code + RO Data + RW Data)      20968 (  20.48kB)

==============================================================================

